Archive member included to satisfy reference by file (symbol)

c:/progra~2/gnuarm~1/102021~1.10/bin/../lib/gcc/arm-none-eabi/10.3.1/thumb/v6-m/nofp\libgcc.a(_dvmd_tls.o)
                              CMakeFiles/Projekt_zaliczenie_W.dir/C_/pico/pico-sdk/src/rp2_common/pico_divider/divider_hardware.S.obj (__aeabi_idiv0)
c:/progra~2/gnuarm~1/102021~1.10/bin/../lib/gcc/arm-none-eabi/10.3.1/../../../../arm-none-eabi/lib/thumb/v6-m/nofp\libg.a(lib_a-calloc.o)
                              CMakeFiles/Projekt_zaliczenie_W.dir/C_/pico/pico-sdk/src/rp2_common/pico_malloc/malloc.c.obj (calloc)
c:/progra~2/gnuarm~1/102021~1.10/bin/../lib/gcc/arm-none-eabi/10.3.1/../../../../arm-none-eabi/lib/thumb/v6-m/nofp\libg.a(lib_a-callocr.o)
                              c:/progra~2/gnuarm~1/102021~1.10/bin/../lib/gcc/arm-none-eabi/10.3.1/../../../../arm-none-eabi/lib/thumb/v6-m/nofp\libg.a(lib_a-calloc.o) (_calloc_r)
c:/progra~2/gnuarm~1/102021~1.10/bin/../lib/gcc/arm-none-eabi/10.3.1/../../../../arm-none-eabi/lib/thumb/v6-m/nofp\libg.a(lib_a-errno.o)
                              c:/progra~2/gnuarm~1/102021~1.10/bin/../lib/gcc/arm-none-eabi/10.3.1/../../../../arm-none-eabi/lib/thumb/v6-m/nofp\libg.a(lib_a-callocr.o) (__errno)
c:/progra~2/gnuarm~1/102021~1.10/bin/../lib/gcc/arm-none-eabi/10.3.1/../../../../arm-none-eabi/lib/thumb/v6-m/nofp\libg.a(lib_a-impure.o)
                              c:/progra~2/gnuarm~1/102021~1.10/bin/../lib/gcc/arm-none-eabi/10.3.1/../../../../arm-none-eabi/lib/thumb/v6-m/nofp\libg.a(lib_a-calloc.o) (_impure_ptr)
c:/progra~2/gnuarm~1/102021~1.10/bin/../lib/gcc/arm-none-eabi/10.3.1/../../../../arm-none-eabi/lib/thumb/v6-m/nofp\libg.a(lib_a-init.o)
                              c:/progra~2/gnuarm~1/102021~1.10/bin/../lib/gcc/arm-none-eabi/10.3.1/../../../../arm-none-eabi/lib/thumb/v6-m/nofp/crt0.o (__libc_init_array)
c:/progra~2/gnuarm~1/102021~1.10/bin/../lib/gcc/arm-none-eabi/10.3.1/../../../../arm-none-eabi/lib/thumb/v6-m/nofp\libg.a(lib_a-lcltime_r.o)
                              CMakeFiles/Projekt_zaliczenie_W.dir/C_/pico/pico-sdk/src/common/pico_util/datetime.c.obj (localtime_r)
c:/progra~2/gnuarm~1/102021~1.10/bin/../lib/gcc/arm-none-eabi/10.3.1/../../../../arm-none-eabi/lib/thumb/v6-m/nofp\libg.a(lib_a-malloc.o)
                              CMakeFiles/Projekt_zaliczenie_W.dir/C_/pico/pico-sdk/src/rp2_common/pico_malloc/malloc.c.obj (malloc)
c:/progra~2/gnuarm~1/102021~1.10/bin/../lib/gcc/arm-none-eabi/10.3.1/../../../../arm-none-eabi/lib/thumb/v6-m/nofp\libg.a(lib_a-mallocr.o)
                              c:/progra~2/gnuarm~1/102021~1.10/bin/../lib/gcc/arm-none-eabi/10.3.1/../../../../arm-none-eabi/lib/thumb/v6-m/nofp\libg.a(lib_a-callocr.o) (_malloc_r)
c:/progra~2/gnuarm~1/102021~1.10/bin/../lib/gcc/arm-none-eabi/10.3.1/../../../../arm-none-eabi/lib/thumb/v6-m/nofp\libg.a(lib_a-memcmp.o)
                              CMakeFiles/Projekt_zaliczenie_W.dir/C_/pico/pico-sdk/src/rp2_common/pico_atomic/atomic.c.obj (memcmp)
c:/progra~2/gnuarm~1/102021~1.10/bin/../lib/gcc/arm-none-eabi/10.3.1/../../../../arm-none-eabi/lib/thumb/v6-m/nofp\libg.a(lib_a-mktime.o)
                              CMakeFiles/Projekt_zaliczenie_W.dir/C_/pico/pico-sdk/src/common/pico_util/datetime.c.obj (mktime)
c:/progra~2/gnuarm~1/102021~1.10/bin/../lib/gcc/arm-none-eabi/10.3.1/../../../../arm-none-eabi/lib/thumb/v6-m/nofp\libg.a(lib_a-mlock.o)
                              c:/progra~2/gnuarm~1/102021~1.10/bin/../lib/gcc/arm-none-eabi/10.3.1/../../../../arm-none-eabi/lib/thumb/v6-m/nofp\libg.a(lib_a-mallocr.o) (__malloc_lock)
c:/progra~2/gnuarm~1/102021~1.10/bin/../lib/gcc/arm-none-eabi/10.3.1/../../../../arm-none-eabi/lib/thumb/v6-m/nofp\libg.a(lib_a-month_lengths.o)
                              c:/progra~2/gnuarm~1/102021~1.10/bin/../lib/gcc/arm-none-eabi/10.3.1/../../../../arm-none-eabi/lib/thumb/v6-m/nofp\libg.a(lib_a-lcltime_r.o) (__month_lengths)
c:/progra~2/gnuarm~1/102021~1.10/bin/../lib/gcc/arm-none-eabi/10.3.1/../../../../arm-none-eabi/lib/thumb/v6-m/nofp\libg.a(lib_a-realloc.o)
                              CMakeFiles/Projekt_zaliczenie_W.dir/C_/pico/pico-sdk/src/rp2_common/pico_malloc/malloc.c.obj (realloc)
c:/progra~2/gnuarm~1/102021~1.10/bin/../lib/gcc/arm-none-eabi/10.3.1/../../../../arm-none-eabi/lib/thumb/v6-m/nofp\libg.a(lib_a-reallocr.o)
                              c:/progra~2/gnuarm~1/102021~1.10/bin/../lib/gcc/arm-none-eabi/10.3.1/../../../../arm-none-eabi/lib/thumb/v6-m/nofp\libg.a(lib_a-realloc.o) (_realloc_r)
c:/progra~2/gnuarm~1/102021~1.10/bin/../lib/gcc/arm-none-eabi/10.3.1/../../../../arm-none-eabi/lib/thumb/v6-m/nofp\libg.a(lib_a-sbrkr.o)
                              c:/progra~2/gnuarm~1/102021~1.10/bin/../lib/gcc/arm-none-eabi/10.3.1/../../../../arm-none-eabi/lib/thumb/v6-m/nofp\libg.a(lib_a-mallocr.o) (_sbrk_r)
c:/progra~2/gnuarm~1/102021~1.10/bin/../lib/gcc/arm-none-eabi/10.3.1/../../../../arm-none-eabi/lib/thumb/v6-m/nofp\libg.a(lib_a-strlen-stub.o)
[...]
Memory Configuration

Name             Origin             Length             Attributes
FLASH            0x10000000         0x00200000         xr
RAM              0x20000000         0x00040000         xrw
SCRATCH_X        0x20040000         0x00001000         xrw
SCRATCH_Y        0x20041000         0x00001000         xrw
*default*        0x00000000         0xffffffff

Linker script and memory map

LOAD c:/progra~2/gnuarm~1/102021~1.10/bin/../lib/gcc/arm-none-eabi/10.3.1/thumb/v6-m/nofp/crti.o
LOAD c:/progra~2/gnuarm~1/102021~1.10/bin/../lib/gcc/arm-none-eabi/10.3.1/thumb/v6-m/nofp/crtbegin.o
LOAD c:/progra~2/gnuarm~1/102021~1.10/bin/../lib/gcc/arm-none-eabi/10.3.1/../../../../arm-none-eabi/lib/thumb/v6-m/nofp/crt0.o

.flash_begin    0x10000000        0x0
                0x10000000                __flash_binary_start = .

.boot2          0x10000000      0x100
                0x10000000                __boot2_start__ = .
 *(.boot2)
 .boot2         0x10000000      0x100 pico-sdk\src\rp2040\boot_stage2\CMakeFiles\bs2_default_library.dir\bs2_default_padded_checksummed.S.obj
                0x10000100                __boot2_end__ = .
                0x00000001                ASSERT (((__boot2_end__ - __boot2_start__) == 0x100), ERROR: Pico second stage bootloader must be 256 bytes in size)

.text           0x10000100     0x38c8
                0x10000100                __logical_binary_start = .
 *(.vectors)
 .vectors       0x10000100       0xd4 CMakeFiles/Projekt_zaliczenie_W.dir/C_/pico/pico-sdk/src/rp2_common/pico_crt0/crt0.S.obj
                0x10000100                __VECTOR_TABLE
                0x10000100                __vectors
                0x100001c0                isr_invalid
                0x100001c0                __default_isrs_start
                0x100001c2                isr_nmi
                0x100001c4                isr_hardfault
                0x100001c6                isr_svcall
                0x100001c8                isr_pendsv
                0x100001ca                isr_systick
                0x100001cc                isr_irq23
                0x100001cc                isr_irq18
                0x100001cc                isr_irq11
                0x100001cc                isr_irq28
                0x100001cc                isr_irq19
                0x100001cc                isr_irq0
                0x100001cc                isr_irq6
                0x100001cc                isr_irq5
                0x100001cc                isr_irq12
                0x100001cc                isr_irq22
                0x100001cc                isr_irq31
                0x100001cc                isr_irq17
                0x100001cc                isr_irq27
                0x100001cc                isr_irq30
                0x100001cc                isr_irq2
                0x100001cc                isr_irq10
                0x100001cc                isr_irq8
                0x100001cc                isr_irq24
                0x100001cc                isr_irq1
                0x100001cc                isr_irq7
                0x100001cc                isr_irq21
                0x100001cc                isr_irq20
                0x100001cc                isr_irq15
                0x100001cc                isr_irq25
                0x100001cc                isr_irq13
                0x100001cc                __unhandled_user_irq
                0x100001cc                isr_irq4
                0x100001cc                isr_irq16
                0x100001cc                isr_irq29
                0x100001cc                isr_irq26
                0x100001cc                __default_isrs_end
                0x100001cc                isr_irq3
                0x100001cc                isr_irq14
                0x100001cc                isr_irq9
                0x100001d2                unhandled_user_irq_num_in_r0
 *(.binary_info_header)
 .binary_info_header
                0x100001d4       0x14 CMakeFiles/Projekt_zaliczenie_W.dir/C_/pico/pico-sdk/src/rp2_common/pico_crt0/crt0.S.obj
                0x100001e8                __binary_info_header_end = .
 *(.embedded_block)
                0x100001e8                __embedded_block_end = .
 *(.reset)
 .reset         0x100001e8       0x9c CMakeFiles/Projekt_zaliczenie_W.dir/C_/pico/pico-sdk/src/rp2_common/pico_crt0/crt0.S.obj
                0x100001e8                _entry_point
 *(.init)
 .init          0x10000284        0x4 c:/progra~2/gnuarm~1/102021~1.10/bin/../lib/gcc/arm-none-eabi/10.3.1/thumb/v6-m/nofp/crti.o
                0x10000284                _init
 *(EXCLUDE_FILE(*libm.a: *libc.a:*lib_a-mem*.o *libgcc.a:) .text*)
 .text          0x10000288       0x48 c:/progra~2/gnuarm~1/102021~1.10/bin/../lib/gcc/arm-none-eabi/10.3.1/thumb/v6-m/nofp/crtbegin.o
 .text.alarm_callback
                0x100002d0        0x6 CMakeFiles/Projekt_zaliczenie_W.dir/Projekt_zaliczenie_W.c.obj
                0x100002d0                alarm_callback
 *fill*         0x100002d6        0x2 
 .text.main     0x100002d8      0x138 CMakeFiles/Projekt_zaliczenie_W.dir/Projekt_zaliczenie_W.c.obj
                0x100002d8                main
 .text.gpio_set_function
                0x10000410       0x34 CMakeFiles/Projekt_zaliczenie_W.dir/C_/pico/pico-sdk/src/rp2_common/hardware_gpio/gpio.c.obj
                0x10000410                gpio_set_function
 .text.gpio_set_pulls
                0x10000444       0x38 CMakeFiles/Projekt_zaliczenie_W.dir/C_/pico/pico-sdk/src/rp2_common/hardware_gpio/gpio.c.obj
                0x10000444                gpio_set_pulls
 .text.gpio_init
                0x1000047c       0x16 CMakeFiles/Projekt_zaliczenie_W.dir/C_/pico/pico-sdk/src/rp2_common/hardware_gpio/gpio.c.obj
                0x1000047c                gpio_init
 *fill*         0x10000492        0x2 
 .text.panic    0x10000494       0x30 CMakeFiles/Projekt_zaliczenie_W.dir/C_/pico/pico-sdk/src/rp2_common/pico_platform_panic/panic.c.obj
                0x10000494                panic
 .text.hw_claim_lock
                0x100004c4       0x18 CMakeFiles/Projekt_zaliczenie_W.dir/C_/pico/pico-sdk/src/common/hardware_claim/claim.c.obj
                0x100004c4                hw_claim_lock
 .text.hw_claim_unlock
                0x100004dc       0x14 CMakeFiles/Projekt_zaliczenie_W.dir/C_/pico/pico-sdk/src/common/hardware_claim/claim.c.obj
                0x100004dc                hw_claim_unlock
 .text.hw_claim_or_assert
                0x100004f0       0x32 CMakeFiles/Projekt_zaliczenie_W.dir/C_/pico/pico-sdk/src/common/hardware_claim/claim.c.obj
                0x100004f0                hw_claim_or_assert
 *fill*         0x10000522        0x2 
 .text.next_striped_spin_lock_num
                0x10000524       0x1c CMakeFiles/Projekt_zaliczenie_W.dir/C_/pico/pico-sdk/src/rp2_common/hardware_sync/sync.c.obj
                0x10000524                next_striped_spin_lock_num
 .text.spin_locks_reset
                0x10000540       0x20 CMakeFiles/Projekt_zaliczenie_W.dir/C_/pico/pico-sdk/src/rp2_common/hardware_sync_spin_lock/sync_spin_lock.c.obj
                0x10000540                spin_locks_reset
 .text.set_raw_irq_handler_and_unlock
                0x10000560       0x28 CMakeFiles/Projekt_zaliczenie_W.dir/C_/pico/pico-sdk/src/rp2_common/hardware_irq/irq.c.obj
 .text.nvic_ipr0
                0x10000588        0x8 CMakeFiles/Projekt_zaliczenie_W.dir/C_/pico/pico-sdk/src/rp2_common/hardware_irq/irq.c.obj
 .text.runtime_init_per_core_irq_priorities
                0x10000590       0x1c CMakeFiles/Projekt_zaliczenie_W.dir/C_/pico/pico-sdk/src/rp2_common/hardware_irq/irq.c.obj
                0x10000590                runtime_init_per_core_irq_priorities
 .text.make_j_16
                0x100005ac       0x4c CMakeFiles/Projekt_zaliczenie_W.dir/C_/pico/pico-sdk/src/rp2_common/hardware_irq/irq.c.obj
 .text.insert_bl_32
                0x100005f8       0x40 CMakeFiles/Projekt_zaliczenie_W.dir/C_/pico/pico-sdk/src/rp2_common/hardware_irq/irq.c.obj
 .text.irq_is_enabled
                0x10000638       0x18 CMakeFiles/Projekt_zaliczenie_W.dir/C_/pico/pico-sdk/src/rp2_common/hardware_irq/irq.c.obj
                0x10000638                irq_is_enabled
 .text.irq_set_mask_n_enabled
                0x10000650       0x1c CMakeFiles/Projekt_zaliczenie_W.dir/C_/pico/pico-sdk/src/rp2_common/hardware_irq/irq.c.obj
                0x10000650                irq_set_mask_n_enabled
 .text.irq_set_enabled
                0x1000066c       0x14 CMakeFiles/Projekt_zaliczenie_W.dir/C_/pico/pico-sdk/src/rp2_common/hardware_irq/irq.c.obj
                0x1000066c                irq_set_enabled
 .text.irq_get_vtable_handler
                0x10000680       0x10 CMakeFiles/Projekt_zaliczenie_W.dir/C_/pico/pico-sdk/src/rp2_common/hardware_irq/irq.c.obj
                0x10000680                irq_get_vtable_handler
 .text.irq_set_exclusive_handler
                0x10000690       0x54 CMakeFiles/Projekt_zaliczenie_W.dir/C_/pico/pico-sdk/src/rp2_common/hardware_irq/irq.c.obj
                0x10000690                irq_set_exclusive_handler
 .text.irq_remove_handler
                0x100006e4      0x1b0 CMakeFiles/Projekt_zaliczenie_W.dir/C_/pico/pico-sdk/src/rp2_common/hardware_irq/irq.c.obj
                0x100006e4                irq_remove_handler
 .text.irq_add_tail_to_free_list
                0x10000894       0xf4 CMakeFiles/Projekt_zaliczenie_W.dir/C_/pico/pico-sdk/src/rp2_common/hardware_irq/irq.c.obj
                0x10000894                irq_add_tail_to_free_list
 .text.lock_init
                0x10000988       0x10 CMakeFiles/Projekt_zaliczenie_W.dir/C_/pico/pico-sdk/src/common/pico_sync/lock_core.c.obj
                0x10000988                lock_init
 .text.mutex_init
                0x10000998       0x1a CMakeFiles/Projekt_zaliczenie_W.dir/C_/pico/pico-sdk/src/common/pico_sync/mutex.c.obj
                0x10000998                mutex_init
 .text.recursive_mutex_init
                0x100009b2       0x1e CMakeFiles/Projekt_zaliczenie_W.dir/C_/pico/pico-sdk/src/common/pico_sync/mutex.c.obj
                0x100009b2                recursive_mutex_init
 .text.runtime_init_mutex
                0x100009d0       0x4c CMakeFiles/Projekt_zaliczenie_W.dir/C_/pico/pico-sdk/src/common/pico_sync/mutex.c.obj
                0x100009d0                runtime_init_mutex
 .text.make_alarm_id
                0x10000a1c        0x6 CMakeFiles/Projekt_zaliczenie_W.dir/C_/pico/pico-sdk/src/common/pico_time/time.c.obj
 *fill*         0x10000a22        0x2 
 .text.sleep_until_callback
                0x10000a24       0x30 CMakeFiles/Projekt_zaliczenie_W.dir/C_/pico/pico-sdk/src/common/pico_time/time.c.obj
 .text.alarm_pool_irq_handler
                0x10000a54      0x2f0 CMakeFiles/Projekt_zaliczenie_W.dir/C_/pico/pico-sdk/src/common/pico_time/time.c.obj
 .text.alarm_pool_post_alloc_init
                0x10000d44       0x94 CMakeFiles/Projekt_zaliczenie_W.dir/C_/pico/pico-sdk/src/common/pico_time/time.c.obj
 .text.alarm_pool_get_default
                0x10000dd8       0x2c CMakeFiles/Projekt_zaliczenie_W.dir/C_/pico/pico-sdk/src/common/pico_time/time.c.obj
                0x10000dd8                alarm_pool_get_default
 .text.alarm_pool_add_alarm_at_force_in_context
                0x10000e04       0xb0 CMakeFiles/Projekt_zaliczenie_W.dir/C_/pico/pico-sdk/src/common/pico_time/time.c.obj
                0x10000e04                alarm_pool_add_alarm_at_force_in_context
 .text.alarm_pool_add_alarm_at
                0x10000eb4       0x3c CMakeFiles/Projekt_zaliczenie_W.dir/C_/pico/pico-sdk/src/common/pico_time/time.c.obj
                0x10000eb4                alarm_pool_add_alarm_at
 .text.alarm_pool_cancel_alarm
                0x10000ef0       0x78 CMakeFiles/Projekt_zaliczenie_W.dir/C_/pico/pico-sdk/src/common/pico_time/time.c.obj
                0x10000ef0                alarm_pool_cancel_alarm
 .text.best_effort_wfe_or_timeout
                0x10000f68      0x114 CMakeFiles/Projekt_zaliczenie_W.dir/C_/pico/pico-sdk/src/common/pico_time/time.c.obj
                0x10000f68                best_effort_wfe_or_timeout
 .text.alarm_pool_get_default_timer
                0x1000107c        0x8 CMakeFiles/Projekt_zaliczenie_W.dir/C_/pico/pico-sdk/src/common/pico_time/time.c.obj
                0x1000107c                alarm_pool_get_default_timer
 .text.runtime_init_default_alarm_pool
                0x10001084       0x38 CMakeFiles/Projekt_zaliczenie_W.dir/C_/pico/pico-sdk/src/common/pico_time/time.c.obj
                0x10001084                runtime_init_default_alarm_pool
 .text.timer_hardware_alarm_claim
                0x100010bc       0x14 CMakeFiles/Projekt_zaliczenie_W.dir/C_/pico/pico-sdk/src/rp2_common/hardware_timer/timer.c.obj
                0x100010bc                timer_hardware_alarm_claim
 .text.timer_time_us_64
                0x100010d0       0x10 CMakeFiles/Projekt_zaliczenie_W.dir/C_/pico/pico-sdk/src/rp2_common/hardware_timer/timer.c.obj
                0x100010d0                timer_time_us_64
 .text.timer_busy_wait_until
                0x100010e0       0x1a CMakeFiles/Projekt_zaliczenie_W.dir/C_/pico/pico-sdk/src/rp2_common/hardware_timer/timer.c.obj
                0x100010e0                timer_busy_wait_until
 .text.timer_busy_wait_us
                0x100010fa       0x38 CMakeFiles/Projekt_zaliczenie_W.dir/C_/pico/pico-sdk/src/rp2_common/hardware_timer/timer.c.obj
                0x100010fa                timer_busy_wait_us
 *fill*         0x10001132        0x2 
 .text.time_us_64
                0x10001134       0x10 CMakeFiles/Projekt_zaliczenie_W.dir/C_/pico/pico-sdk/src/rp2_common/hardware_timer/timer.c.obj
                0x10001134                time_us_64
 .text.busy_wait_us
                0x10001144       0x14 CMakeFiles/Projekt_zaliczenie_W.dir/C_/pico/pico-sdk/src/rp2_common/hardware_timer/timer.c.obj
                0x10001144                busy_wait_us
 .text.uart_disable_before_lcr_write
                0x10001158       0x48 CMakeFiles/Projekt_zaliczenie_W.dir/C_/pico/pico-sdk/src/rp2_common/hardware_uart/uart.c.obj
 .text.uart_write_lcr_bits_masked
                0x100011a0       0x20 CMakeFiles/Projekt_zaliczenie_W.dir/C_/pico/pico-sdk/src/rp2_common/hardware_uart/uart.c.obj
 .text.uart_set_baudrate
                0x100011c0       0x5c CMakeFiles/Projekt_zaliczenie_W.dir/C_/pico/pico-sdk/src/rp2_common/hardware_uart/uart.c.obj
                0x100011c0                uart_set_baudrate
 .text.uart_set_translate_crlf
                0x1000121c       0x28 CMakeFiles/Projekt_zaliczenie_W.dir/C_/pico/pico-sdk/src/rp2_common/hardware_uart/uart.c.obj
                0x1000121c                uart_set_translate_crlf
 .text.uart_init
                0x10001244       0x84 CMakeFiles/Projekt_zaliczenie_W.dir/C_/pico/pico-sdk/src/rp2_common/hardware_uart/uart.c.obj
                0x10001244                uart_init
 .text.clock_configure_internal
                0x100012c8       0xc4 CMakeFiles/Projekt_zaliczenie_W.dir/C_/pico/pico-sdk/src/rp2_common/hardware_clocks/clocks.c.obj
 .text.clock_configure_int_divider
                0x1000138c       0x28 CMakeFiles/Projekt_zaliczenie_W.dir/C_/pico/pico-sdk/src/rp2_common/hardware_clocks/clocks.c.obj
                0x1000138c                clock_configure_int_divider
 .text.clock_configure_undivided
                0x100013b4       0x12 CMakeFiles/Projekt_zaliczenie_W.dir/C_/pico/pico-sdk/src/rp2_common/hardware_clocks/clocks.c.obj
                0x100013b4                clock_configure_undivided
 *fill*         0x100013c6        0x2 
 .text.clock_get_hz
                0x100013c8        0xc CMakeFiles/Projekt_zaliczenie_W.dir/C_/pico/pico-sdk/src/rp2_common/hardware_clocks/clocks.c.obj
                0x100013c8                clock_get_hz
 .text.pll_init
                0x100013d4      0x120 CMakeFiles/Projekt_zaliczenie_W.dir/C_/pico/pico-sdk/src/rp2_common/hardware_pll/pll.c.obj
                0x100013d4                pll_init
 .text.tick_start
                0x100014f4       0x10 CMakeFiles/Projekt_zaliczenie_W.dir/C_/pico/pico-sdk/src/rp2_common/hardware_ticks/ticks.c.obj
                0x100014f4                tick_start
 .text.rom_func_lookup
                0x10001504       0x10 CMakeFiles/Projekt_zaliczenie_W.dir/C_/pico/pico-sdk/src/rp2_common/pico_bootrom/bootrom.c.obj
                0x10001504                rom_func_lookup
 .text.rom_data_lookup
                0x10001514       0x10 CMakeFiles/Projekt_zaliczenie_W.dir/C_/pico/pico-sdk/src/rp2_common/pico_bootrom/bootrom.c.obj
                0x10001514                rom_data_lookup
 .text.rom_funcs_lookup
                0x10001524       0x36 CMakeFiles/Projekt_zaliczenie_W.dir/C_/pico/pico-sdk/src/rp2_common/pico_bootrom/bootrom.c.obj
                0x10001524                rom_funcs_lookup
 *fill*         0x1000155a        0x2 
 .text.xosc_init
                0x1000155c       0x28 CMakeFiles/Projekt_zaliczenie_W.dir/C_/pico/pico-sdk/src/rp2_common/hardware_xosc/xosc.c.obj
                0x1000155c                xosc_init
 .text.hw_divider_divmod_s32
                0x10001584        0xc CMakeFiles/Projekt_zaliczenie_W.dir/C_/pico/pico-sdk/src/rp2_common/hardware_divider/divider.S.obj
                0x10001584                hw_divider_divmod_s32
 .text.hw_divider_divmod_u32
                0x10001590        0xc CMakeFiles/Projekt_zaliczenie_W.dir/C_/pico/pico-sdk/src/rp2_common/hardware_divider/divider.S.obj
                0x10001590                hw_divider_divmod_u32
 .text.hw_divider_divmod_return
                0x1000159c        0xc CMakeFiles/Projekt_zaliczenie_W.dir/C_/pico/pico-sdk/src/rp2_common/hardware_divider/divider.S.obj
 .text.runtime_run_initializers_from
                0x100015a8       0x18 CMakeFiles/Projekt_zaliczenie_W.dir/C_/pico/pico-sdk/src/rp2_common/pico_runtime/runtime.c.obj
 .text.first_per_core_initializer
                0x100015c0        0x2 CMakeFiles/Projekt_zaliczenie_W.dir/C_/pico/pico-sdk/src/rp2_common/pico_runtime/runtime.c.obj
 *fill*         0x100015c2        0x2 
 .text.runtime_run_initializers
                0x100015c4       0x10 CMakeFiles/Projekt_zaliczenie_W.dir/C_/pico/pico-sdk/src/rp2_common/pico_runtime/runtime.c.obj
                0x100015c4                runtime_run_initializers
 .text.runtime_init_early_resets
                0x100015d4       0x2c CMakeFiles/Projekt_zaliczenie_W.dir/C_/pico/pico-sdk/src/rp2_common/pico_runtime_init/runtime_init.c.obj
                0x100015d4                runtime_init_early_resets
 .text.runtime_init_usb_power_down
                0x10001600       0x1c CMakeFiles/Projekt_zaliczenie_W.dir/C_/pico/pico-sdk/src/rp2_common/pico_runtime_init/runtime_init.c.obj
                0x10001600                runtime_init_usb_power_down
 .text.runtime_init_post_clock_resets
                0x1000161c       0x20 CMakeFiles/Projekt_zaliczenie_W.dir/C_/pico/pico-sdk/src/rp2_common/pico_runtime_init/runtime_init.c.obj
                0x1000161c                runtime_init_post_clock_resets
 .text.runtime_init_rp2040_gpio_ie_disable
                0x1000163c       0x14 CMakeFiles/Projekt_zaliczenie_W.dir/C_/pico/pico-sdk/src/rp2_common/pico_runtime_init/runtime_init.c.obj
                0x1000163c                runtime_init_rp2040_gpio_ie_disable
 .text.runtime_init_spin_locks_reset
                0x10001650        0x8 CMakeFiles/Projekt_zaliczenie_W.dir/C_/pico/pico-sdk/src/rp2_common/pico_runtime_init/runtime_init.c.obj
                0x10001650                runtime_init_spin_locks_reset
 .text.runtime_init_install_ram_vector_table
                0x10001658       0x1c CMakeFiles/Projekt_zaliczenie_W.dir/C_/pico/pico-sdk/src/rp2_common/pico_runtime_init/runtime_init.c.obj
                0x10001658                runtime_init_install_ram_vector_table
 .text.start_all_ticks
                0x10001674       0x28 CMakeFiles/Projekt_zaliczenie_W.dir/C_/pico/pico-sdk/src/rp2_common/pico_runtime_init/runtime_init_clocks.c.obj
 .text.runtime_init_clocks
                0x1000169c       0xcc CMakeFiles/Projekt_zaliczenie_W.dir/C_/pico/pico-sdk/src/rp2_common/pico_runtime_init/runtime_init_clocks.c.obj
                0x1000169c                runtime_init_clocks
 .text          0x10001768       0x10 CMakeFiles/Projekt_zaliczenie_W.dir/C_/pico/pico-sdk/src/rp2_common/pico_bit_ops/bit_ops_aeabi.S.obj
 .text.__wrap___aeabi_idiv
                0x10001778       0x50 CMakeFiles/Projekt_zaliczenie_W.dir/C_/pico/pico-sdk/src/rp2_common/pico_divider/divider_hardware.S.obj
                0x10001778                __wrap___aeabi_idivmod
                0x10001778                divmod_s32s32
                0x10001778                div_s32s32
                0x10001778                __wrap___aeabi_idiv
                0x10001780                divmod_s32s32_unsafe
                0x100017ac                divmod_s32s32_savestate
 .text.__wrap___aeabi_uidiv
                0x100017c8       0x4c CMakeFiles/Projekt_zaliczenie_W.dir/C_/pico/pico-sdk/src/rp2_common/pico_divider/divider_hardware.S.obj
                0x100017c8                __wrap___aeabi_uidiv
                0x100017c8                __wrap___aeabi_uidivmod
                0x100017c8                div_u32u32
                0x100017c8                divmod_u32u32
                0x100017d0                divmod_u32u32_unsafe
                0x100017f8                divmod_u32u32_savestate
 .text.__wrap___aeabi_ldiv
                0x10001814      0x424 CMakeFiles/Projekt_zaliczenie_W.dir/C_/pico/pico-sdk/src/rp2_common/pico_divider/divider_hardware.S.obj
                0x10001814                div_s64s64
                0x10001814                divmod_s64s64
                0x10001814                __wrap___aeabi_ldivmod
                0x10001844                divmod_u64u64
                0x10001844                div_u64u64
                0x10001844                __wrap___aeabi_uldivmod
                0x10001854                divmod_u64u64_savestate
                0x10001874                divmod_s64s64_unsafe
                0x100018fc                divmod_u64u64_unsafe
 .text.__wrap___aeabi_darithmetic
                0x10001c38       0x60 CMakeFiles/Projekt_zaliczenie_W.dir/C_/pico/pico-sdk/src/rp2_common/pico_double/double_aeabi_rp2040.S.obj
                0x10001c38                __wrap___aeabi_drsub
                0x10001c3e                __wrap___aeabi_dsub
                0x10001c48                __wrap___aeabi_dadd
                0x10001c52                __wrap___aeabi_ddiv
                0x10001c86                __wrap___aeabi_dmul
 .text.__wrap___aeabi_cdcmple
                0x10001c98       0x6c CMakeFiles/Projekt_zaliczenie_W.dir/C_/pico/pico-sdk/src/rp2_common/pico_double/double_aeabi_rp2040.S.obj
                0x10001c98                __wrap___aeabi_cdrcmple
                0x10001ca8                __wrap___aeabi_cdcmpeq
                0x10001ca8                __wrap___aeabi_cdcmple
 .text.__wrap___aeabi_dcmplt
                0x10001d04        0xc CMakeFiles/Projekt_zaliczenie_W.dir/C_/pico/pico-sdk/src/rp2_common/pico_double/double_aeabi_rp2040.S.obj
                0x10001d04                __wrap___aeabi_dcmplt
 .text.__wrap___aeabi_dcmple
                0x10001d10       0x10 CMakeFiles/Projekt_zaliczenie_W.dir/C_/pico/pico-sdk/src/rp2_common/pico_double/double_aeabi_rp2040.S.obj
                0x10001d10                __wrap___aeabi_dcmple
 .text.__wrap___aeabi_dcmpge
                0x10001d20       0x10 CMakeFiles/Projekt_zaliczenie_W.dir/C_/pico/pico-sdk/src/rp2_common/pico_double/double_aeabi_rp2040.S.obj
                0x10001d20                __wrap___aeabi_dcmpge
 .text.__wrap___aeabi_dcmpgt
                0x10001d30        0xa CMakeFiles/Projekt_zaliczenie_W.dir/C_/pico/pico-sdk/src/rp2_common/pico_double/double_aeabi_rp2040.S.obj
                0x10001d30                __wrap___aeabi_dcmpgt
 .text.__wrap___aeabi_dcmpun
                0x10001d3a       0x18 CMakeFiles/Projekt_zaliczenie_W.dir/C_/pico/pico-sdk/src/rp2_common/pico_double/double_aeabi_rp2040.S.obj
                0x10001d3a                __wrap___aeabi_dcmpun
 *fill*         0x10001d52        0x2 
 .text.__wrap___aeabi_i2d
                0x10001d54       0x38 CMakeFiles/Projekt_zaliczenie_W.dir/C_/pico/pico-sdk/src/rp2_common/pico_double/double_aeabi_rp2040.S.obj
                0x10001d54                __wrap___aeabi_ui2d
                0x10001d5c                __wrap___aeabi_i2d
 .text.__wrap___aeabi_d2iz
                0x10001d8c       0x48 CMakeFiles/Projekt_zaliczenie_W.dir/C_/pico/pico-sdk/src/rp2_common/pico_double/double_aeabi_rp2040.S.obj
                0x10001d8c                double2int_z
                0x10001d8c                __wrap___aeabi_d2iz
 .text.__wrap___aeabi_d2uiz
                0x10001dd4       0x10 CMakeFiles/Projekt_zaliczenie_W.dir/C_/pico/pico-sdk/src/rp2_common/pico_double/double_aeabi_rp2040.S.obj
                0x10001dd4                __wrap___aeabi_d2uiz
                0x10001dd4                double2uint
 .text.missing_double_func_shim
                0x10001de4        0xc CMakeFiles/Projekt_zaliczenie_W.dir/C_/pico/pico-sdk/src/rp2_common/pico_double/double_init_rom_rp2040.c.obj
 .text.__aeabi_double_init
                0x10001df0       0xcc CMakeFiles/Projekt_zaliczenie_W.dir/C_/pico/pico-sdk/src/rp2_common/pico_double/double_init_rom_rp2040.c.obj
                0x10001df0                __aeabi_double_init
 .text.double_table_shim_on_use_helper
                0x10001ebc       0x34 CMakeFiles/Projekt_zaliczenie_W.dir/C_/pico/pico-sdk/src/rp2_common/pico_double/double_v1_rom_shim_rp2040.S.obj
                0x10001ebc                double_table_shim_on_use_helper
 .text.__aeabi_lmul
                0x10001ef0       0x32 CMakeFiles/Projekt_zaliczenie_W.dir/C_/pico/pico-sdk/src/rp2_common/pico_int64_ops/pico_int64_ops_aeabi.S.obj
                0x10001ef0                __wrap___aeabi_lmul
 *fill*         0x10001f22        0x2 
 .text.missing_float_func_shim
                0x10001f24        0xc CMakeFiles/Projekt_zaliczenie_W.dir/C_/pico/pico-sdk/src/rp2_common/pico_float/float_init_rom_rp2040.c.obj
 .text.__aeabi_float_init
                0x10001f30       0x88 CMakeFiles/Projekt_zaliczenie_W.dir/C_/pico/pico-sdk/src/rp2_common/pico_float/float_init_rom_rp2040.c.obj
                0x10001f30                __aeabi_float_init
 .text          0x10001fb8       0x10 CMakeFiles/Projekt_zaliczenie_W.dir/C_/pico/pico-sdk/src/rp2_common/pico_mem_ops/mem_ops_aeabi.S.obj
                0x10001fb8                __aeabi_mem_init
 .text.memcpy   0x10001fc8        0xc CMakeFiles/Projekt_zaliczenie_W.dir/C_/pico/pico-sdk/src/rp2_common/pico_mem_ops/mem_ops_aeabi.S.obj
                0x10001fc8                __wrap_memcpy
                0x10001fc8                __wrap___aeabi_memcpy
 .text._out_null
                0x10001fd4        0x2 CMakeFiles/Projekt_zaliczenie_W.dir/C_/pico/pico-sdk/src/rp2_common/pico_printf/printf.c.obj
 .text._out_fct
                0x10001fd6        0xe CMakeFiles/Projekt_zaliczenie_W.dir/C_/pico/pico-sdk/src/rp2_common/pico_printf/printf.c.obj
 .text._atoi    0x10001fe4       0x24 CMakeFiles/Projekt_zaliczenie_W.dir/C_/pico/pico-sdk/src/rp2_common/pico_printf/printf.c.obj
 .text._out_rev
                0x10002008       0xae CMakeFiles/Projekt_zaliczenie_W.dir/C_/pico/pico-sdk/src/rp2_common/pico_printf/printf.c.obj
 .text._ntoa_format
                0x100020b6      0x112 CMakeFiles/Projekt_zaliczenie_W.dir/C_/pico/pico-sdk/src/rp2_common/pico_printf/printf.c.obj
 .text._ntoa_long
                0x100021c8       0xbc CMakeFiles/Projekt_zaliczenie_W.dir/C_/pico/pico-sdk/src/rp2_common/pico_printf/printf.c.obj
 .text._ntoa_long_long
                0x10002284       0xe2 CMakeFiles/Projekt_zaliczenie_W.dir/C_/pico/pico-sdk/src/rp2_common/pico_printf/printf.c.obj
 *fill*         0x10002366        0x2 
 .text._etoa    0x10002368      0x414 CMakeFiles/Projekt_zaliczenie_W.dir/C_/pico/pico-sdk/src/rp2_common/pico_printf/printf.c.obj
 .text._ftoa    0x1000277c      0x354 CMakeFiles/Projekt_zaliczenie_W.dir/C_/pico/pico-sdk/src/rp2_common/pico_printf/printf.c.obj
 .text._vsnprintf
                0x10002ad0      0x624 CMakeFiles/Projekt_zaliczenie_W.dir/C_/pico/pico-sdk/src/rp2_common/pico_printf/printf.c.obj
 .text.vfctprintf
                0x100030f4       0x20 CMakeFiles/Projekt_zaliczenie_W.dir/C_/pico/pico-sdk/src/rp2_common/pico_printf/printf.c.obj
                0x100030f4                vfctprintf
 .text._exit    0x10003114        0x4 CMakeFiles/Projekt_zaliczenie_W.dir/C_/pico/pico-sdk/src/rp2_common/pico_clib_interface/newlib_interface.c.obj
                0x10003114                _exit
 .text.exit     0x10003118        0x6 CMakeFiles/Projekt_zaliczenie_W.dir/C_/pico/pico-sdk/src/rp2_common/pico_clib_interface/newlib_interface.c.obj
                0x10003118                exit
 *fill*         0x1000311e        0x2 
 .text.__assert_func
                0x10003120       0x3c CMakeFiles/Projekt_zaliczenie_W.dir/C_/pico/pico-sdk/src/rp2_common/pico_clib_interface/newlib_interface.c.obj
                0x10003120                __assert_func
 .text.runtime_init
                0x1000315c       0x28 CMakeFiles/Projekt_zaliczenie_W.dir/C_/pico/pico-sdk/src/rp2_common/pico_clib_interface/newlib_interface.c.obj
                0x1000315c                runtime_init
 .text.stdio_out_chars_no_crlf
                0x10003184        0xe CMakeFiles/Projekt_zaliczenie_W.dir/C_/pico/pico-sdk/src/rp2_common/pico_stdio/stdio.c.obj
 *fill*         0x10003192        0x2 
 .text.stdio_out_chars_crlf
                0x10003194       0x80 CMakeFiles/Projekt_zaliczenie_W.dir/C_/pico/pico-sdk/src/rp2_common/pico_stdio/stdio.c.obj
 .text.stdio_stack_buffer_flush
                0x10003214       0x44 CMakeFiles/Projekt_zaliczenie_W.dir/C_/pico/pico-sdk/src/rp2_common/pico_stdio/stdio.c.obj
 .text.stdio_buffered_printer
                0x10003258       0x20 CMakeFiles/Projekt_zaliczenie_W.dir/C_/pico/pico-sdk/src/rp2_common/pico_stdio/stdio.c.obj
 .text.stdout_serialize_begin
                0x10003278       0x30 CMakeFiles/Projekt_zaliczenie_W.dir/C_/pico/pico-sdk/src/rp2_common/pico_stdio/stdio.c.obj
                0x10003278                stdout_serialize_begin
 .text.stdout_serialize_end
                0x100032a8       0x10 CMakeFiles/Projekt_zaliczenie_W.dir/C_/pico/pico-sdk/src/rp2_common/pico_stdio/stdio.c.obj
                0x100032a8                stdout_serialize_end
 .text.stdio_put_string
                0x100032b8       0x94 CMakeFiles/Projekt_zaliczenie_W.dir/C_/pico/pico-sdk/src/rp2_common/pico_stdio/stdio.c.obj
                0x100032b8                stdio_put_string
 .text.stdio_set_driver_enabled
                0x1000334c       0x2c CMakeFiles/Projekt_zaliczenie_W.dir/C_/pico/pico-sdk/src/rp2_common/pico_stdio/stdio.c.obj
                0x1000334c                stdio_set_driver_enabled
 .text.stdio_flush
                0x10003378       0x20 CMakeFiles/Projekt_zaliczenie_W.dir/C_/pico/pico-sdk/src/rp2_common/pico_stdio/stdio.c.obj
                0x10003378                stdio_flush
 .text.stdio_init_all
                0x10003398        0xa CMakeFiles/Projekt_zaliczenie_W.dir/C_/pico/pico-sdk/src/rp2_common/pico_stdio/stdio.c.obj
                0x10003398                stdio_init_all
 .text.__wrap_puts
                0x100033a2       0x1e CMakeFiles/Projekt_zaliczenie_W.dir/C_/pico/pico-sdk/src/rp2_common/pico_stdio/stdio.c.obj
                0x100033a2                stdio_puts
                0x100033a2                __wrap_puts
 .text.__wrap_vprintf
                0x100033c0       0x40 CMakeFiles/Projekt_zaliczenie_W.dir/C_/pico/pico-sdk/src/rp2_common/pico_stdio/stdio.c.obj
                0x100033c0                stdio_vprintf
                0x100033c0                __wrap_vprintf
 .text.__wrap_printf
                0x10003400       0x18 CMakeFiles/Projekt_zaliczenie_W.dir/C_/pico/pico-sdk/src/rp2_common/pico_stdio/stdio.c.obj
                0x10003400                __wrap_printf
                0x10003400                stdio_printf
 .text.stdio_uart_out_chars
                0x10003418       0x74 CMakeFiles/Projekt_zaliczenie_W.dir/C_/pico/pico-sdk/src/rp2_common/pico_stdio_uart/stdio_uart.c.obj
 .text.stdio_uart_in_chars
                0x1000348c       0x80 CMakeFiles/Projekt_zaliczenie_W.dir/C_/pico/pico-sdk/src/rp2_common/pico_stdio_uart/stdio_uart.c.obj
                0x1000348c                stdio_uart_in_chars
 .text.on_uart_rx
                0x1000350c       0x28 CMakeFiles/Projekt_zaliczenie_W.dir/C_/pico/pico-sdk/src/rp2_common/pico_stdio_uart/stdio_uart.c.obj
 .text.stdio_uart_out_flush
                0x10003534       0x10 CMakeFiles/Projekt_zaliczenie_W.dir/C_/pico/pico-sdk/src/rp2_common/pico_stdio_uart/stdio_uart.c.obj
 .text.stdio_uart_set_chars_available_callback
                0x10003544       0x94 CMakeFiles/Projekt_zaliczenie_W.dir/C_/pico/pico-sdk/src/rp2_common/pico_stdio_uart/stdio_uart.c.obj
 .text.stdio_uart_init_full
                0x100035d8       0x44 CMakeFiles/Projekt_zaliczenie_W.dir/C_/pico/pico-sdk/src/rp2_common/pico_stdio_uart/stdio_uart.c.obj
                0x100035d8                stdio_uart_init_full
 .text.stdio_uart_init
                0x1000361c       0x30 CMakeFiles/Projekt_zaliczenie_W.dir/C_/pico/pico-sdk/src/rp2_common/pico_stdio_uart/stdio_uart.c.obj
                0x1000361c                stdio_uart_init
 .text.spi_set_baudrate
                0x1000364c       0xb4 CMakeFiles/Projekt_zaliczenie_W.dir/C_/pico/pico-sdk/src/rp2_common/hardware_spi/spi.c.obj
                0x1000364c                spi_set_baudrate
 .text.spi_init
                0x10003700       0x8c CMakeFiles/Projekt_zaliczenie_W.dir/C_/pico/pico-sdk/src/rp2_common/hardware_spi/spi.c.obj
                0x10003700                spi_init
 .text.i2c_set_baudrate
                0x1000378c       0xf0 CMakeFiles/Projekt_zaliczenie_W.dir/C_/pico/pico-sdk/src/rp2_common/hardware_i2c/i2c.c.obj
                0x1000378c                i2c_set_baudrate
 .text.i2c_init
                0x1000387c       0x6c CMakeFiles/Projekt_zaliczenie_W.dir/C_/pico/pico-sdk/src/rp2_common/hardware_i2c/i2c.c.obj
                0x1000387c                i2c_init
 .text.strlen   0x100038e8       0x5c c:/progra~2/gnuarm~1/102021~1.10/bin/../lib/gcc/arm-none-eabi/10.3.1/../../../../arm-none-eabi/lib/thumb/v6-m/nofp\libg.a(lib_a-strlen-stub.o)
                0x100038e8                strlen
 *(.fini)
 .fini          0x10003944        0x4 c:/progra~2/gnuarm~1/102021~1.10/bin/../lib/gcc/arm-none-eabi/10.3.1/thumb/v6-m/nofp/crti.o
                0x10003944                _fini
 .fini.__stub   0x10003948       0x40 linker stubs
 *crtbegin.o(.ctors)
 *crtbegin?.o(.ctors)
 *(EXCLUDE_FILE(*crtend.o *crtend?.o) .ctors)
 *(SORT_BY_NAME(.ctors.*))
 *(.ctors)
 *crtbegin.o(.dtors)
 *crtbegin?.o(.dtors)
 *(EXCLUDE_FILE(*crtend.o *crtend?.o) .dtors)
 *(SORT_BY_NAME(.dtors.*))
 *(.dtors)
                0x10003988                . = ALIGN (0x4)
                0x10003988                PROVIDE (__preinit_array_start = .)
 *(SORT_BY_NAME(.preinit_array.*))
 .preinit_array.00100
                0x10003988        0x4 CMakeFiles/Projekt_zaliczenie_W.dir/C_/pico/pico-sdk/src/rp2_common/pico_runtime_init/runtime_init.c.obj
                0x10003988                __pre_init_runtime_init_early_resets
 .preinit_array.00101
                0x1000398c        0x4 CMakeFiles/Projekt_zaliczenie_W.dir/C_/pico/pico-sdk/src/rp2_common/pico_runtime_init/runtime_init.c.obj
                0x1000398c                __pre_init_runtime_init_usb_power_down
 .preinit_array.00275
                0x10003990        0x4 CMakeFiles/Projekt_zaliczenie_W.dir/C_/pico/pico-sdk/src/rp2_common/pico_bit_ops/bit_ops_aeabi.S.obj
 .preinit_array.00300
                0x10003994        0x4 CMakeFiles/Projekt_zaliczenie_W.dir/C_/pico/pico-sdk/src/rp2_common/pico_mem_ops/mem_ops_aeabi.S.obj
 .preinit_array.00350
                0x10003998        0x4 CMakeFiles/Projekt_zaliczenie_W.dir/C_/pico/pico-sdk/src/rp2_common/pico_double/double_aeabi_rp2040.S.obj
 .preinit_array.00350
                0x1000399c        0x4 CMakeFiles/Projekt_zaliczenie_W.dir/C_/pico/pico-sdk/src/rp2_common/pico_float/float_aeabi_rp2040.S.obj
 .preinit_array.00500
                0x100039a0        0x4 CMakeFiles/Projekt_zaliczenie_W.dir/C_/pico/pico-sdk/src/rp2_common/pico_runtime_init/runtime_init.c.obj
                0x100039a0                __pre_init_runtime_init_clocks
 .preinit_array.00600
                0x100039a4        0x4 CMakeFiles/Projekt_zaliczenie_W.dir/C_/pico/pico-sdk/src/rp2_common/pico_runtime_init/runtime_init.c.obj
                0x100039a4                __pre_init_runtime_init_post_clock_resets
 .preinit_array.00700
                0x100039a8        0x4 CMakeFiles/Projekt_zaliczenie_W.dir/C_/pico/pico-sdk/src/rp2_common/pico_runtime_init/runtime_init.c.obj
                0x100039a8                __pre_init_runtime_init_rp2040_gpio_ie_disable
 .preinit_array.01000
                0x100039ac        0x4 CMakeFiles/Projekt_zaliczenie_W.dir/C_/pico/pico-sdk/src/rp2_common/pico_runtime_init/runtime_init.c.obj
                0x100039ac                __pre_init_runtime_init_spin_locks_reset
 .preinit_array.01100
                0x100039b0        0x4 CMakeFiles/Projekt_zaliczenie_W.dir/C_/pico/pico-sdk/src/common/pico_sync/mutex.c.obj
                0x100039b0                __pre_init_runtime_init_mutex
 .preinit_array.10080
                0x100039b4        0x4 CMakeFiles/Projekt_zaliczenie_W.dir/C_/pico/pico-sdk/src/rp2_common/pico_runtime_init/runtime_init.c.obj
                0x100039b4                __pre_init_runtime_init_install_ram_vector_table
 .preinit_array.11000
                0x100039b8        0x4 CMakeFiles/Projekt_zaliczenie_W.dir/C_/pico/pico-sdk/src/common/pico_time/time.c.obj
                0x100039b8                __pre_init_runtime_init_default_alarm_pool
 .preinit_array.YYYYY
                0x100039bc        0x4 CMakeFiles/Projekt_zaliczenie_W.dir/C_/pico/pico-sdk/src/rp2_common/pico_runtime/runtime.c.obj
                0x100039bc                __pre_init_first_per_core_initializer
 .preinit_array.ZZZZZ.01200
                0x100039c0        0x4 CMakeFiles/Projekt_zaliczenie_W.dir/C_/pico/pico-sdk/src/rp2_common/hardware_irq/irq.c.obj
                0x100039c0                __pre_init_runtime_init_per_core_irq_priorities
 *(.preinit_array)
                0x100039c4                PROVIDE (__preinit_array_end = .)
                0x100039c4                . = ALIGN (0x4)
                0x100039c4                PROVIDE (__init_array_start = .)
 *(SORT_BY_NAME(.init_array.*))
 *(.init_array)
 .init_array    0x100039c4        0x4 c:/progra~2/gnuarm~1/102021~1.10/bin/../lib/gcc/arm-none-eabi/10.3.1/thumb/v6-m/nofp/crtbegin.o
                0x100039c8                PROVIDE (__init_array_end = .)
                0x100039c8                . = ALIGN (0x4)
                [!provide]                PROVIDE (__fini_array_start = .)
 *(SORT_BY_NAME(.fini_array.*))
 *(.fini_array)
                [!provide]                PROVIDE (__fini_array_end = .)
 *(.eh_frame*)
 .eh_frame      0x100039c8        0x0 c:/progra~2/gnuarm~1/102021~1.10/bin/../lib/gcc/arm-none-eabi/10.3.1/thumb/v6-m/nofp/crtbegin.o
                0x100039c8                . = ALIGN (0x4)

.glue_7         0x100039c8        0x0
 .glue_7        0x100039c8        0x0 linker stubs

.glue_7t        0x100039c8        0x0
 .glue_7t       0x100039c8        0x0 linker stubs

.vfp11_veneer   0x100039c8        0x0
 .vfp11_veneer  0x100039c8        0x0 linker stubs

.v4_bx          0x100039c8        0x0
 .v4_bx         0x100039c8        0x0 linker stubs

.iplt           0x100039c8        0x0
 .iplt          0x100039c8        0x0 c:/progra~2/gnuarm~1/102021~1.10/bin/../lib/gcc/arm-none-eabi/10.3.1/thumb/v6-m/nofp/crtbegin.o

.rodata         0x100039c8      0xabc
 *(EXCLUDE_FILE(*libm.a: *libc.a:*lib_a-mem*.o *libgcc.a:) .rodata*)
 .rodata.main.str1.4
                0x100039c8       0x2a CMakeFiles/Projekt_zaliczenie_W.dir/Projekt_zaliczenie_W.c.obj
 *fill*         0x100039f2        0x2 
 .rodata.panic.str1.4
                0x100039f4       0x12 CMakeFiles/Projekt_zaliczenie_W.dir/C_/pico/pico-sdk/src/rp2_common/pico_platform_panic/panic.c.obj
 *fill*         0x10003a06        0x2 
 .rodata.make_j_16.str1.4
                0x10003a08       0x63 CMakeFiles/Projekt_zaliczenie_W.dir/C_/pico/pico-sdk/src/rp2_common/hardware_irq/irq.c.obj
 *fill*         0x10003a6b        0x1 
 .rodata.insert_bl_32.str1.4
                0x10003a6c       0x10 CMakeFiles/Projekt_zaliczenie_W.dir/C_/pico/pico-sdk/src/rp2_common/hardware_irq/irq.c.obj
 .rodata.irq_set_exclusive_handler.str1.4
                0x10003a7c       0x36 CMakeFiles/Projekt_zaliczenie_W.dir/C_/pico/pico-sdk/src/rp2_common/hardware_irq/irq.c.obj
 *fill*         0x10003ab2        0x2 
 .rodata.irq_add_shared_handler.str1.4
                0x10003ab4       0xe9 CMakeFiles/Projekt_zaliczenie_W.dir/C_/pico/pico-sdk/src/rp2_common/hardware_irq/irq.c.obj
 *fill*         0x10003b9d        0x3 
 .rodata.irq_remove_handler.str1.4
                0x10003ba0       0x3a CMakeFiles/Projekt_zaliczenie_W.dir/C_/pico/pico-sdk/src/rp2_common/hardware_irq/irq.c.obj
 *fill*         0x10003bda        0x2 
 .rodata.irq_add_tail_to_free_list.str1.4
                0x10003bdc       0x3a CMakeFiles/Projekt_zaliczenie_W.dir/C_/pico/pico-sdk/src/rp2_common/hardware_irq/irq.c.obj
 *fill*         0x10003c16        0x2 
 .rodata.__func__.0
                0x10003c18       0x1a CMakeFiles/Projekt_zaliczenie_W.dir/C_/pico/pico-sdk/src/rp2_common/hardware_irq/irq.c.obj
 *fill*         0x10003c32        0x2 
 .rodata.__func__.1
                0x10003c34        0xd CMakeFiles/Projekt_zaliczenie_W.dir/C_/pico/pico-sdk/src/rp2_common/hardware_irq/irq.c.obj
 *fill*         0x10003c41        0x3 
 .rodata.__func__.2
                0x10003c44       0x13 CMakeFiles/Projekt_zaliczenie_W.dir/C_/pico/pico-sdk/src/rp2_common/hardware_irq/irq.c.obj
 *fill*         0x10003c57        0x1 
 .rodata.__func__.3
                0x10003c58        0xa CMakeFiles/Projekt_zaliczenie_W.dir/C_/pico/pico-sdk/src/rp2_common/hardware_irq/irq.c.obj
 *fill*         0x10003c62        0x2 
 .rodata.__func__.4
                0x10003c64        0xd CMakeFiles/Projekt_zaliczenie_W.dir/C_/pico/pico-sdk/src/rp2_common/hardware_irq/irq.c.obj
 *fill*         0x10003c71        0x3 
 .rodata.__func__.6
                0x10003c74       0x1a CMakeFiles/Projekt_zaliczenie_W.dir/C_/pico/pico-sdk/src/rp2_common/hardware_irq/irq.c.obj
 *fill*         0x10003c8e        0x2 
 .rodata.runtime_init_mutex.str1.4
                0x10003c90       0x4e CMakeFiles/Projekt_zaliczenie_W.dir/C_/pico/pico-sdk/src/common/pico_sync/mutex.c.obj
 *fill*         0x10003cde        0x2 
 .rodata.str1.4
                0x10003ce0       0x51 CMakeFiles/Projekt_zaliczenie_W.dir/C_/pico/pico-sdk/src/common/pico_sync/mutex.c.obj
 *fill*         0x10003d31        0x3 
 .rodata.__func__.1
                0x10003d34        0xb CMakeFiles/Projekt_zaliczenie_W.dir/C_/pico/pico-sdk/src/common/pico_sync/mutex.c.obj
 *fill*         0x10003d3f        0x1 
 .rodata.__func__.3
                0x10003d40       0x18 CMakeFiles/Projekt_zaliczenie_W.dir/C_/pico/pico-sdk/src/common/pico_sync/mutex.c.obj
 .rodata.__func__.6
                0x10003d58       0x13 CMakeFiles/Projekt_zaliczenie_W.dir/C_/pico/pico-sdk/src/common/pico_sync/mutex.c.obj
 *fill*         0x10003d6b        0x1 
 .rodata.alarm_pool_irq_handler.str1.4
                0x10003d6c       0x59 CMakeFiles/Projekt_zaliczenie_W.dir/C_/pico/pico-sdk/src/common/pico_time/time.c.obj
 *fill*         0x10003dc5        0x3 
 .rodata.alarm_pool_get_default.str1.4
                0x10003dc8       0x21 CMakeFiles/Projekt_zaliczenie_W.dir/C_/pico/pico-sdk/src/common/pico_time/time.c.obj
 *fill*         0x10003de9        0x3 
 .rodata.__func__.1
                0x10003dec       0x17 CMakeFiles/Projekt_zaliczenie_W.dir/C_/pico/pico-sdk/src/common/pico_time/time.c.obj
 *fill*         0x10003e03        0x1 
 .rodata.__func__.2
                0x10003e04       0x17 CMakeFiles/Projekt_zaliczenie_W.dir/C_/pico/pico-sdk/src/common/pico_time/time.c.obj
 *fill*         0x10003e1b        0x1 
 .rodata.timer_hardware_alarm_claim.str1.4
                0x10003e1c       0x22 CMakeFiles/Projekt_zaliczenie_W.dir/C_/pico/pico-sdk/src/rp2_common/hardware_timer/timer.c.obj
 *fill*         0x10003e3e        0x2 
 .rodata.pll_init.str1.4
                0x10003e40      0x108 CMakeFiles/Projekt_zaliczenie_W.dir/C_/pico/pico-sdk/src/rp2_common/hardware_pll/pll.c.obj
 .rodata.__func__.0
                0x10003f48        0x9 CMakeFiles/Projekt_zaliczenie_W.dir/C_/pico/pico-sdk/src/rp2_common/hardware_pll/pll.c.obj
 *fill*         0x10003f51        0x3 
 .rodata.missing_double_func_shim.str1.4
                0x10003f54       0x18 CMakeFiles/Projekt_zaliczenie_W.dir/C_/pico/pico-sdk/src/rp2_common/pico_double/double_init_rom_rp2040.c.obj
 .rodata.__aeabi_double_init.str1.4
                0x10003f6c       0x89 CMakeFiles/Projekt_zaliczenie_W.dir/C_/pico/pico-sdk/src/rp2_common/pico_double/double_init_rom_rp2040.c.obj
 *fill*         0x10003ff5        0x3 
 .rodata.__func__.0
                0x10003ff8       0x14 CMakeFiles/Projekt_zaliczenie_W.dir/C_/pico/pico-sdk/src/rp2_common/pico_double/double_init_rom_rp2040.c.obj
 .rodata.missing_float_func_shim.str1.4
                0x1000400c       0x89 CMakeFiles/Projekt_zaliczenie_W.dir/C_/pico/pico-sdk/src/rp2_common/pico_float/float_init_rom_rp2040.c.obj
                                  0x1 (size before relaxing)
 .rodata.__aeabi_float_init.str1.4
                0x1000400c       0x77 CMakeFiles/Projekt_zaliczenie_W.dir/C_/pico/pico-sdk/src/rp2_common/pico_float/float_init_rom_rp2040.c.obj
 *fill*         0x10004083        0x1 
 .rodata.__func__.0
                0x10004084       0x13 CMakeFiles/Projekt_zaliczenie_W.dir/C_/pico/pico-sdk/src/rp2_common/pico_float/float_init_rom_rp2040.c.obj
 *fill*         0x10004097        0x1 
 .rodata.str1.4
                0x10004098       0x50 CMakeFiles/Projekt_zaliczenie_W.dir/C_/pico/pico-sdk/src/rp2_common/pico_standard_binary_info/standard_binary_info.c.obj
 .rodata.__bi_26
                0x100040e8        0xc CMakeFiles/Projekt_zaliczenie_W.dir/C_/pico/pico-sdk/src/rp2_common/pico_standard_binary_info/standard_binary_info.c.obj
 .rodata.__bi_34
                0x100040f4        0xc CMakeFiles/Projekt_zaliczenie_W.dir/C_/pico/pico-sdk/src/rp2_common/pico_standard_binary_info/standard_binary_info.c.obj
 .rodata.__bi_42
                0x10004100        0xc CMakeFiles/Projekt_zaliczenie_W.dir/C_/pico/pico-sdk/src/rp2_common/pico_standard_binary_info/standard_binary_info.c.obj
 .rodata.__bi_48
                0x1000410c        0xc CMakeFiles/Projekt_zaliczenie_W.dir/C_/pico/pico-sdk/src/rp2_common/pico_standard_binary_info/standard_binary_info.c.obj
 .rodata.__bi_54
                0x10004118        0xc CMakeFiles/Projekt_zaliczenie_W.dir/C_/pico/pico-sdk/src/rp2_common/pico_standard_binary_info/standard_binary_info.c.obj
 .rodata.__bi_60
                0x10004124        0xc CMakeFiles/Projekt_zaliczenie_W.dir/C_/pico/pico-sdk/src/rp2_common/pico_standard_binary_info/standard_binary_info.c.obj
 .rodata.__bi_78
                0x10004130        0xc CMakeFiles/Projekt_zaliczenie_W.dir/C_/pico/pico-sdk/src/rp2_common/pico_standard_binary_info/standard_binary_info.c.obj
 .rodata.__bi_84
                0x1000413c        0xc CMakeFiles/Projekt_zaliczenie_W.dir/C_/pico/pico-sdk/src/rp2_common/pico_standard_binary_info/standard_binary_info.c.obj
 .rodata._ftoa.str1.4
                0x10004148       0x15 CMakeFiles/Projekt_zaliczenie_W.dir/C_/pico/pico-sdk/src/rp2_common/pico_printf/printf.c.obj
 *fill*         0x1000415d        0x3 
 .rodata._vsnprintf
                0x10004160      0x1e0 CMakeFiles/Projekt_zaliczenie_W.dir/C_/pico/pico-sdk/src/rp2_common/pico_printf/printf.c.obj
 .rodata.pow10.0
                0x10004340       0x50 CMakeFiles/Projekt_zaliczenie_W.dir/C_/pico/pico-sdk/src/rp2_common/pico_printf/printf.c.obj
 .rodata.__assert_func.str1.4
                0x10004390       0x3f CMakeFiles/Projekt_zaliczenie_W.dir/C_/pico/pico-sdk/src/rp2_common/pico_clib_interface/newlib_interface.c.obj
                                 0x43 (size before relaxing)
 *fill*         0x100043cf        0x1 
 .rodata.crlf_str.0
                0x100043d0        0x2 CMakeFiles/Projekt_zaliczenie_W.dir/C_/pico/pico-sdk/src/rp2_common/pico_stdio/stdio.c.obj
 *fill*         0x100043d2        0x2 
 .rodata.str1.4
                0x100043d4       0x2c CMakeFiles/Projekt_zaliczenie_W.dir/C_/pico/pico-sdk/src/rp2_common/pico_stdio_uart/stdio_uart.c.obj
 .rodata.__bi_45.4
                0x10004400        0xc CMakeFiles/Projekt_zaliczenie_W.dir/C_/pico/pico-sdk/src/rp2_common/pico_stdio_uart/stdio_uart.c.obj
 .rodata.__bi_49.5
                0x1000440c        0x8 CMakeFiles/Projekt_zaliczenie_W.dir/C_/pico/pico-sdk/src/rp2_common/pico_stdio_uart/stdio_uart.c.obj
 .rodata.__bi_50.6
                0x10004414        0x8 CMakeFiles/Projekt_zaliczenie_W.dir/C_/pico/pico-sdk/src/rp2_common/pico_stdio_uart/stdio_uart.c.obj
 .rodata.i2c_set_baudrate.str1.4
                0x1000441c       0x53 CMakeFiles/Projekt_zaliczenie_W.dir/C_/pico/pico-sdk/src/rp2_common/hardware_i2c/i2c.c.obj
 *fill*         0x1000446f        0x1 
 .rodata.__func__.0
                0x10004470       0x11 CMakeFiles/Projekt_zaliczenie_W.dir/C_/pico/pico-sdk/src/rp2_common/hardware_i2c/i2c.c.obj
                0x10004484                . = ALIGN (0x4)
 *fill*         0x10004481        0x3 
 *(SORT_BY_ALIGNMENT(SORT_BY_NAME(.flashdata*)))
                0x10004484                . = ALIGN (0x4)

.ARM.extab
 *(.ARM.extab* .gnu.linkonce.armextab.*)
                0x10004484                __exidx_start = .

.ARM.exidx
 *(.ARM.exidx* .gnu.linkonce.armexidx.*)
                0x10004484                __exidx_end = .
                0x10004484                . = ALIGN (0x4)
                0x10004484                __binary_info_start = .

.binary_info    0x10004484       0x2c
 *(.binary_info.keep.*)
 .binary_info.keep.__bi_ptr26
                0x10004484        0x4 CMakeFiles/Projekt_zaliczenie_W.dir/C_/pico/pico-sdk/src/rp2_common/pico_standard_binary_info/standard_binary_info.c.obj
 .binary_info.keep.__bi_ptr34
                0x10004488        0x4 CMakeFiles/Projekt_zaliczenie_W.dir/C_/pico/pico-sdk/src/rp2_common/pico_standard_binary_info/standard_binary_info.c.obj
 .binary_info.keep.__bi_ptr42
                0x1000448c        0x4 CMakeFiles/Projekt_zaliczenie_W.dir/C_/pico/pico-sdk/src/rp2_common/pico_standard_binary_info/standard_binary_info.c.obj
 .binary_info.keep.__bi_ptr48
                0x10004490        0x4 CMakeFiles/Projekt_zaliczenie_W.dir/C_/pico/pico-sdk/src/rp2_common/pico_standard_binary_info/standard_binary_info.c.obj
 .binary_info.keep.__bi_ptr54
                0x10004494        0x4 CMakeFiles/Projekt_zaliczenie_W.dir/C_/pico/pico-sdk/src/rp2_common/pico_standard_binary_info/standard_binary_info.c.obj
 .binary_info.keep.__bi_ptr60
                0x10004498        0x4 CMakeFiles/Projekt_zaliczenie_W.dir/C_/pico/pico-sdk/src/rp2_common/pico_standard_binary_info/standard_binary_info.c.obj
 .binary_info.keep.__bi_ptr78
                0x1000449c        0x4 CMakeFiles/Projekt_zaliczenie_W.dir/C_/pico/pico-sdk/src/rp2_common/pico_standard_binary_info/standard_binary_info.c.obj
 .binary_info.keep.__bi_ptr84
                0x100044a0        0x4 CMakeFiles/Projekt_zaliczenie_W.dir/C_/pico/pico-sdk/src/rp2_common/pico_standard_binary_info/standard_binary_info.c.obj
 *(.binary_info.*)
 .binary_info.__bi_ptr45
                0x100044a4        0x4 CMakeFiles/Projekt_zaliczenie_W.dir/C_/pico/pico-sdk/src/rp2_common/pico_stdio_uart/stdio_uart.c.obj
 .binary_info.__bi_ptr49
                0x100044a8        0x4 CMakeFiles/Projekt_zaliczenie_W.dir/C_/pico/pico-sdk/src/rp2_common/pico_stdio_uart/stdio_uart.c.obj
 .binary_info.__bi_ptr50
                0x100044ac        0x4 CMakeFiles/Projekt_zaliczenie_W.dir/C_/pico/pico-sdk/src/rp2_common/pico_stdio_uart/stdio_uart.c.obj
                0x100044b0                __binary_info_end = .

.rel.dyn        0x100044b0        0x0
 .rel.iplt      0x100044b0        0x0 c:/progra~2/gnuarm~1/102021~1.10/bin/../lib/gcc/arm-none-eabi/10.3.1/thumb/v6-m/nofp/crtbegin.o
                0x100044b0                . = ALIGN (0x4)

.ram_vector_table
                0x20000000       0xc0
 *(.ram_vector_table)
 .ram_vector_table
                0x20000000       0xc0 CMakeFiles/Projekt_zaliczenie_W.dir/C_/pico/pico-sdk/src/rp2_common/pico_runtime_init/runtime_init.c.obj
                0x20000000                ram_vector_table

.uninitialized_data
                0x200000c0        0x0
                0x200000c0                . = ALIGN (0x4)
 *(.uninitialized_data*)

.data           0x200000c0      0x228 load address 0x100044b0
                0x200000c0                __data_start__ = .
 *(vtable)
 *(.time_critical*)
 .time_critical.mutex_try_enter
                0x200000c0       0x46 CMakeFiles/Projekt_zaliczenie_W.dir/C_/pico/pico-sdk/src/common/pico_sync/mutex.c.obj
                0x200000c0                mutex_try_enter
 *fill*         0x20000106        0x2 
 .time_critical.mutex_enter_block_until
                0x20000108       0x8c CMakeFiles/Projekt_zaliczenie_W.dir/C_/pico/pico-sdk/src/common/pico_sync/mutex.c.obj
                0x20000108                mutex_enter_block_until
 .time_critical.mutex_try_enter_block_until
                0x20000194       0x34 CMakeFiles/Projekt_zaliczenie_W.dir/C_/pico/pico-sdk/src/common/pico_sync/mutex.c.obj
                0x20000194                mutex_try_enter_block_until
 .time_critical.mutex_exit
                0x200001c8       0x4c CMakeFiles/Projekt_zaliczenie_W.dir/C_/pico/pico-sdk/src/common/pico_sync/mutex.c.obj
                0x200001c8                mutex_exit
 *(.text*)
 .text          0x20000214        0x4 c:/progra~2/gnuarm~1/102021~1.10/bin/../lib/gcc/arm-none-eabi/10.3.1/thumb/v6-m/nofp\libgcc.a(_dvmd_tls.o)
                0x20000214                __aeabi_idiv0
                0x20000214                __aeabi_ldiv0
 .text.__stub   0x20000218       0x20 linker stubs
                0x20000238                . = ALIGN (0x4)
 *(.rodata*)
                0x20000238                . = ALIGN (0x4)
 *(.data*)
 .data.striped_spin_lock_num
                0x20000238        0x1 CMakeFiles/Projekt_zaliczenie_W.dir/C_/pico/pico-sdk/src/rp2_common/hardware_sync/sync.c.obj
 *fill*         0x20000239        0x3 
 .data          0x2000023c       0x48 CMakeFiles/Projekt_zaliczenie_W.dir/C_/pico/pico-sdk/src/rp2_common/hardware_irq/irq_handler_chain.S.obj
                0x2000023c                irq_handler_chain_slots
                0x2000026c                irq_handler_chain_first_slot
                0x20000276                irq_handler_chain_remove_tail
 .data.default_alarm_pool
                0x20000284       0x18 CMakeFiles/Projekt_zaliczenie_W.dir/C_/pico/pico-sdk/src/common/pico_time/time.c.obj
 *fill*         0x2000029c        0x4 
 .data.aeabi_bits_funcs
                0x200002a0       0x10 CMakeFiles/Projekt_zaliczenie_W.dir/C_/pico/pico-sdk/src/rp2_common/pico_bit_ops/bit_ops_aeabi.S.obj
                0x200002a0                aeabi_bits_funcs
                0x200002b0                aeabi_bits_funcs_end
 .data.aeabi_mem_funcs
                0x200002b0       0x10 CMakeFiles/Projekt_zaliczenie_W.dir/C_/pico/pico-sdk/src/rp2_common/pico_mem_ops/mem_ops_aeabi.S.obj
                0x200002b0                aeabi_mem_funcs
                0x200002c0                aeabi_mem_funcs_end
 .data.stdio_uart
                0x200002c0       0x18 CMakeFiles/Projekt_zaliczenie_W.dir/C_/pico/pico-sdk/src/rp2_common/pico_stdio_uart/stdio_uart.c.obj
                0x200002c0                stdio_uart
 .data.i2c0_inst
                0x200002d8        0x8 CMakeFiles/Projekt_zaliczenie_W.dir/C_/pico/pico-sdk/src/rp2_common/hardware_i2c/i2c.c.obj
                0x200002d8                i2c0_inst
                0x200002e0                . = ALIGN (0x4)
 *(.after_data.*)
                0x200002e0                . = ALIGN (0x4)
                0x200002e0                PROVIDE (__mutex_array_start = .)
 *(SORT_BY_NAME(.mutex_array.*))
 *(.mutex_array)
 .mutex_array   0x200002e0        0x8 CMakeFiles/Projekt_zaliczenie_W.dir/C_/pico/pico-sdk/src/rp2_common/pico_stdio/stdio.c.obj
                0x200002e8                PROVIDE (__mutex_array_end = .)
                0x200002e8                . = ALIGN (0x4)
 *(.jcr)
                0x200002e8                . = ALIGN (0x4)

.igot.plt       0x200002e8        0x0 load address 0x100046d8
 .igot.plt      0x200002e8        0x0 c:/progra~2/gnuarm~1/102021~1.10/bin/../lib/gcc/arm-none-eabi/10.3.1/thumb/v6-m/nofp/crtbegin.o

.tdata          0x200002e8        0x0 load address 0x100046d8
                0x200002e8                . = ALIGN (0x4)
 *(.tdata .tdata.* .gnu.linkonce.td.*)
                0x200002e8                __tdata_end = .
                0x200002e8                PROVIDE (__data_end__ = .)
                0x100044b0                __etext = LOADADDR (.data)

.tbss           0x200002e8        0x0 load address 0x100046d8
                0x200002e8                . = ALIGN (0x4)
                0x200002e8                __bss_start__ = .
                0x200002e8                __tls_base = .
 *(.tbss .tbss.* .gnu.linkonce.tb.*)
 *(.tcommon)
                0x200002e8                __tls_end = .

.bss            0x200002e8      0x3fc load address 0x100046d8
                0x200002e8                . = ALIGN (0x4)
                0x200002e8                __tbss_end = .
 *(SORT_BY_ALIGNMENT(SORT_BY_NAME(.bss*)))
 .bss.default_alarm_pool_entries
                0x200002e8      0x180 CMakeFiles/Projekt_zaliczenie_W.dir/C_/pico/pico-sdk/src/common/pico_time/time.c.obj
 .bss           0x20000468       0x1c c:/progra~2/gnuarm~1/102021~1.10/bin/../lib/gcc/arm-none-eabi/10.3.1/thumb/v6-m/nofp/crtbegin.o
 .bss.chars_available_callback
                0x20000484        0x4 CMakeFiles/Projekt_zaliczenie_W.dir/C_/pico/pico-sdk/src/rp2_common/pico_stdio_uart/stdio_uart.c.obj
 .bss.chars_available_param
                0x20000488        0x4 CMakeFiles/Projekt_zaliczenie_W.dir/C_/pico/pico-sdk/src/rp2_common/pico_stdio_uart/stdio_uart.c.obj
 .bss.claimed   0x2000048c        0x1 CMakeFiles/Projekt_zaliczenie_W.dir/C_/pico/pico-sdk/src/rp2_common/hardware_timer/timer.c.obj
 *fill*         0x2000048d        0x3 
 .bss.configured_freq
                0x20000490       0x28 CMakeFiles/Projekt_zaliczenie_W.dir/C_/pico/pico-sdk/src/rp2_common/hardware_clocks/clocks.c.obj
 .bss.drivers   0x200004b8        0x4 CMakeFiles/Projekt_zaliczenie_W.dir/C_/pico/pico-sdk/src/rp2_common/pico_stdio/stdio.c.obj
 .bss.filter    0x200004bc        0x4 CMakeFiles/Projekt_zaliczenie_W.dir/C_/pico/pico-sdk/src/rp2_common/pico_stdio/stdio.c.obj
 .bss.pools     0x200004c0       0x10 CMakeFiles/Projekt_zaliczenie_W.dir/C_/pico/pico-sdk/src/common/pico_time/time.c.obj
 .bss.sd_table  0x200004d0      0x100 CMakeFiles/Projekt_zaliczenie_W.dir/C_/pico/pico-sdk/src/rp2_common/pico_double/double_init_rom_rp2040.c.obj
                0x200004d0                sd_table
 .bss.sf_clz_func
                0x200005d0        0x4 CMakeFiles/Projekt_zaliczenie_W.dir/C_/pico/pico-sdk/src/rp2_common/pico_double/double_init_rom_rp2040.c.obj
                0x200005d0                sf_clz_func
 .bss.sf_table  0x200005d4      0x100 CMakeFiles/Projekt_zaliczenie_W.dir/C_/pico/pico-sdk/src/rp2_common/pico_float/float_init_rom_rp2040.c.obj
                0x200005d4                sf_table
 .bss.sleep_notifier
                0x200006d4        0x4 CMakeFiles/Projekt_zaliczenie_W.dir/C_/pico/pico-sdk/src/common/pico_time/time.c.obj
 .bss.uart_char_to_line_feed
                0x200006d8        0x4 CMakeFiles/Projekt_zaliczenie_W.dir/C_/pico/pico-sdk/src/rp2_common/hardware_uart/uart.c.obj
                0x200006d8                uart_char_to_line_feed
 .bss.uart_instance
                0x200006dc        0x4 CMakeFiles/Projekt_zaliczenie_W.dir/C_/pico/pico-sdk/src/rp2_common/pico_stdio_uart/stdio_uart.c.obj
 .bss.irq_handler_chain_free_slot_head
                0x200006e0        0x1 CMakeFiles/Projekt_zaliczenie_W.dir/C_/pico/pico-sdk/src/rp2_common/hardware_irq/irq.c.obj
 *(COMMON)
                0x200006e4                . = ALIGN (0x4)
 *fill*         0x200006e1        0x3 
                0x200006e4                __bss_end__ = .

.heap           0x200006e4      0x800 load address 0x100046d8
                0x200006e4                __end__ = .
                0x200006e4                end = __end__
 *(.heap*)
 .heap          0x200006e4      0x800 CMakeFiles/Projekt_zaliczenie_W.dir/C_/pico/pico-sdk/src/rp2_common/pico_crt0/crt0.S.obj
                0x20040000                __HeapLimit = (ORIGIN (RAM) + LENGTH (RAM))

.scratch_x      0x20040000        0x0 load address 0x100046d8
                0x20040000                __scratch_x_start__ = .
 *(.scratch_x.*)
                0x20040000                . = ALIGN (0x4)
                0x20040000                __scratch_x_end__ = .
                0x100046d8                __scratch_x_source__ = LOADADDR (.scratch_x)

.scratch_y      0x20041000        0x0 load address 0x100046d8
                0x20041000                __scratch_y_start__ = .
 *(.scratch_y.*)
                0x20041000                . = ALIGN (0x4)
                0x20041000                __scratch_y_end__ = .
                0x100046d8                __scratch_y_source__ = LOADADDR (.scratch_y)

.stack1_dummy   0x20040000        0x0
 *(.stack1*)

.stack_dummy    0x20041000      0x800
 *(.stack*)
 .stack         0x20041000      0x800 CMakeFiles/Projekt_zaliczenie_W.dir/C_/pico/pico-sdk/src/rp2_common/pico_crt0/crt0.S.obj

.flash_end      0x100046d8        0x0
 *(.embedded_end_block*)
                0x100046d8                PROVIDE (__flash_binary_end = .)
                0x20040000                __StackLimit = (ORIGIN (RAM) + LENGTH (RAM))
                0x20041000                __StackOneTop = (ORIGIN (SCRATCH_X) + LENGTH (SCRATCH_X))
                0x20042000                __StackTop = (ORIGIN (SCRATCH_Y) + LENGTH (SCRATCH_Y))
                0x20041000                __StackOneBottom = (__StackOneTop - SIZEOF (.stack1_dummy))
                0x20041800                __StackBottom = (__StackTop - SIZEOF (.stack_dummy))
                0x20042000                PROVIDE (__stack = __StackTop)
                [!provide]                PROVIDE (__heap_start = __end__)
                [!provide]                PROVIDE (__heap_end = __HeapLimit)
                [!provide]                PROVIDE (__tls_align = MAX (ALIGNOF (.tdata), ALIGNOF (.tbss)))
                [!provide]                PROVIDE (__tls_size_align = (((__tls_size + __tls_align) - 0x1) & ~ ((__tls_align - 0x1))))
                [!provide]                PROVIDE (__arm32_tls_tcb_offset = MAX (0x8, __tls_align))
                [!provide]                PROVIDE (_end = __end__)
                [!provide]                PROVIDE (__llvm_libc_heap_limit = __HeapLimit)
                0x00000001                ASSERT ((__StackLimit >= __HeapLimit), region RAM overflowed)
                0x00000001                ASSERT (((__binary_info_header_end - __logical_binary_start) <= 0x100), Binary info must be in first 256 bytes of the binary)
LOAD CMakeFiles/Projekt_zaliczenie_W.dir/Projekt_zaliczenie_W.c.obj
LOAD CMakeFiles/Projekt_zaliczenie_W.dir/C_/pico/pico-sdk/src/rp2_common/pico_stdlib/stdlib.c.obj
LOAD CMakeFiles/Projekt_zaliczenie_W.dir/C_/pico/pico-sdk/src/rp2_common/hardware_gpio/gpio.c.obj
LOAD CMakeFiles/Projekt_zaliczenie_W.dir/C_/pico/pico-sdk/src/rp2040/pico_platform/platform.c.obj
LOAD CMakeFiles/Projekt_zaliczenie_W.dir/C_/pico/pico-sdk/src/rp2_common/pico_platform_panic/panic.c.obj
LOAD CMakeFiles/Projekt_zaliczenie_W.dir/C_/pico/pico-sdk/src/common/hardware_claim/claim.c.obj
LOAD CMakeFiles/Projekt_zaliczenie_W.dir/C_/pico/pico-sdk/src/rp2_common/hardware_sync/sync.c.obj
LOAD CMakeFiles/Projekt_zaliczenie_W.dir/C_/pico/pico-sdk/src/rp2_common/hardware_sync_spin_lock/sync_spin_lock.c.obj
LOAD CMakeFiles/Projekt_zaliczenie_W.dir/C_/pico/pico-sdk/src/rp2_common/hardware_irq/irq.c.obj
LOAD CMakeFiles/Projekt_zaliczenie_W.dir/C_/pico/pico-sdk/src/rp2_common/hardware_irq/irq_handler_chain.S.obj
LOAD CMakeFiles/Projekt_zaliczenie_W.dir/C_/pico/pico-sdk/src/common/pico_sync/sem.c.obj
LOAD CMakeFiles/Projekt_zaliczenie_W.dir/C_/pico/pico-sdk/src/common/pico_sync/lock_core.c.obj
LOAD CMakeFiles/Projekt_zaliczenie_W.dir/C_/pico/pico-sdk/src/common/pico_sync/mutex.c.obj
LOAD CMakeFiles/Projekt_zaliczenie_W.dir/C_/pico/pico-sdk/src/common/pico_sync/critical_section.c.obj
LOAD CMakeFiles/Projekt_zaliczenie_W.dir/C_/pico/pico-sdk/src/common/pico_time/time.c.obj
LOAD CMakeFiles/Projekt_zaliczenie_W.dir/C_/pico/pico-sdk/src/common/pico_time/timeout_helper.c.obj
LOAD CMakeFiles/Projekt_zaliczenie_W.dir/C_/pico/pico-sdk/src/rp2_common/hardware_timer/timer.c.obj
LOAD CMakeFiles/Projekt_zaliczenie_W.dir/C_/pico/pico-sdk/src/common/pico_util/datetime.c.obj
LOAD CMakeFiles/Projekt_zaliczenie_W.dir/C_/pico/pico-sdk/src/common/pico_util/pheap.c.obj
LOAD CMakeFiles/Projekt_zaliczenie_W.dir/C_/pico/pico-sdk/src/common/pico_util/queue.c.obj
LOAD CMakeFiles/Projekt_zaliczenie_W.dir/C_/pico/pico-sdk/src/rp2_common/hardware_uart/uart.c.obj
LOAD CMakeFiles/Projekt_zaliczenie_W.dir/C_/pico/pico-sdk/src/rp2_common/hardware_clocks/clocks.c.obj
LOAD CMakeFiles/Projekt_zaliczenie_W.dir/C_/pico/pico-sdk/src/rp2_common/hardware_pll/pll.c.obj
LOAD CMakeFiles/Projekt_zaliczenie_W.dir/C_/pico/pico-sdk/src/rp2_common/hardware_vreg/vreg.c.obj
LOAD CMakeFiles/Projekt_zaliczenie_W.dir/C_/pico/pico-sdk/src/rp2_common/hardware_watchdog/watchdog.c.obj
LOAD CMakeFiles/Projekt_zaliczenie_W.dir/C_/pico/pico-sdk/src/rp2_common/hardware_ticks/ticks.c.obj
LOAD CMakeFiles/Projekt_zaliczenie_W.dir/C_/pico/pico-sdk/src/rp2_common/pico_bootrom/bootrom.c.obj
LOAD CMakeFiles/Projekt_zaliczenie_W.dir/C_/pico/pico-sdk/src/rp2_common/pico_bootrom/bootrom_lock.c.obj
LOAD CMakeFiles/Projekt_zaliczenie_W.dir/C_/pico/pico-sdk/src/rp2_common/hardware_boot_lock/boot_lock.c.obj
LOAD CMakeFiles/Projekt_zaliczenie_W.dir/C_/pico/pico-sdk/src/rp2_common/pico_flash/flash.c.obj
LOAD CMakeFiles/Projekt_zaliczenie_W.dir/C_/pico/pico-sdk/src/rp2_common/hardware_xosc/xosc.c.obj
LOAD CMakeFiles/Projekt_zaliczenie_W.dir/C_/pico/pico-sdk/src/rp2_common/hardware_divider/divider.S.obj
LOAD CMakeFiles/Projekt_zaliczenie_W.dir/C_/pico/pico-sdk/src/rp2_common/pico_runtime/runtime.c.obj
LOAD CMakeFiles/Projekt_zaliczenie_W.dir/C_/pico/pico-sdk/src/rp2_common/pico_runtime_init/runtime_init.c.obj
LOAD CMakeFiles/Projekt_zaliczenie_W.dir/C_/pico/pico-sdk/src/rp2_common/pico_runtime_init/runtime_init_clocks.c.obj
LOAD CMakeFiles/Projekt_zaliczenie_W.dir/C_/pico/pico-sdk/src/rp2_common/pico_runtime_init/runtime_init_stack_guard.c.obj
LOAD CMakeFiles/Projekt_zaliczenie_W.dir/C_/pico/pico-sdk/src/rp2_common/pico_bit_ops/bit_ops_aeabi.S.obj
LOAD CMakeFiles/Projekt_zaliczenie_W.dir/C_/pico/pico-sdk/src/rp2_common/pico_divider/divider_hardware.S.obj
LOAD CMakeFiles/Projekt_zaliczenie_W.dir/C_/pico/pico-sdk/src/rp2_common/pico_double/double_aeabi_rp2040.S.obj
LOAD CMakeFiles/Projekt_zaliczenie_W.dir/C_/pico/pico-sdk/src/rp2_common/pico_double/double_init_rom_rp2040.c.obj
LOAD CMakeFiles/Projekt_zaliczenie_W.dir/C_/pico/pico-sdk/src/rp2_common/pico_double/double_math.c.obj
LOAD CMakeFiles/Projekt_zaliczenie_W.dir/C_/pico/pico-sdk/src/rp2_common/pico_double/double_v1_rom_shim_rp2040.S.obj
LOAD CMakeFiles/Projekt_zaliczenie_W.dir/C_/pico/pico-sdk/src/rp2_common/pico_int64_ops/pico_int64_ops_aeabi.S.obj
LOAD CMakeFiles/Projekt_zaliczenie_W.dir/C_/pico/pico-sdk/src/rp2_common/pico_float/float_aeabi_rp2040.S.obj
LOAD CMakeFiles/Projekt_zaliczenie_W.dir/C_/pico/pico-sdk/src/rp2_common/pico_float/float_init_rom_rp2040.c.obj
LOAD CMakeFiles/Projekt_zaliczenie_W.dir/C_/pico/pico-sdk/src/rp2_common/pico_float/float_math.c.obj
LOAD CMakeFiles/Projekt_zaliczenie_W.dir/C_/pico/pico-sdk/src/rp2_common/pico_float/float_v1_rom_shim_rp2040.S.obj
LOAD CMakeFiles/Projekt_zaliczenie_W.dir/C_/pico/pico-sdk/src/rp2_common/pico_malloc/malloc.c.obj
LOAD CMakeFiles/Projekt_zaliczenie_W.dir/C_/pico/pico-sdk/src/rp2_common/pico_mem_ops/mem_ops_aeabi.S.obj
LOAD CMakeFiles/Projekt_zaliczenie_W.dir/C_/pico/pico-sdk/src/rp2_common/pico_atomic/atomic.c.obj
LOAD CMakeFiles/Projekt_zaliczenie_W.dir/C_/pico/pico-sdk/src/rp2_common/pico_cxx_options/new_delete.cpp.obj
LOAD CMakeFiles/Projekt_zaliczenie_W.dir/C_/pico/pico-sdk/src/rp2_common/pico_standard_binary_info/standard_binary_info.c.obj
LOAD CMakeFiles/Projekt_zaliczenie_W.dir/C_/pico/pico-sdk/src/rp2_common/pico_printf/printf.c.obj
LOAD CMakeFiles/Projekt_zaliczenie_W.dir/C_/pico/pico-sdk/src/rp2_common/pico_crt0/crt0.S.obj
LOAD CMakeFiles/Projekt_zaliczenie_W.dir/C_/pico/pico-sdk/src/rp2_common/pico_clib_interface/newlib_interface.c.obj
LOAD CMakeFiles/Projekt_zaliczenie_W.dir/C_/pico/pico-sdk/src/rp2_common/pico_stdio/stdio.c.obj
LOAD CMakeFiles/Projekt_zaliczenie_W.dir/C_/pico/pico-sdk/src/rp2_common/pico_stdio_uart/stdio_uart.c.obj
LOAD CMakeFiles/Projekt_zaliczenie_W.dir/C_/pico/pico-sdk/src/rp2_common/hardware_spi/spi.c.obj
LOAD CMakeFiles/Projekt_zaliczenie_W.dir/C_/pico/pico-sdk/src/rp2_common/hardware_i2c/i2c.c.obj
LOAD CMakeFiles/Projekt_zaliczenie_W.dir/C_/pico/pico-sdk/src/rp2_common/hardware_pio/pio.c.obj
LOAD pico-sdk\src\rp2040\boot_stage2\CMakeFiles\bs2_default_library.dir\bs2_default_padded_checksummed.S.obj
LOAD c:/progra~2/gnuarm~1/102021~1.10/bin/../lib/gcc/arm-none-eabi/10.3.1/../../../../arm-none-eabi/lib/thumb/v6-m/nofp\libstdc++.a
LOAD c:/progra~2/gnuarm~1/102021~1.10/bin/../lib/gcc/arm-none-eabi/10.3.1/../../../../arm-none-eabi/lib/thumb/v6-m/nofp\libm.a
START GROUP
LOAD c:/progra~2/gnuarm~1/102021~1.10/bin/../lib/gcc/arm-none-eabi/10.3.1/thumb/v6-m/nofp\libgcc.a
LOAD c:/progra~2/gnuarm~1/102021~1.10/bin/../lib/gcc/arm-none-eabi/10.3.1/../../../../arm-none-eabi/lib/thumb/v6-m/nofp\libg.a
LOAD c:/progra~2/gnuarm~1/102021~1.10/bin/../lib/gcc/arm-none-eabi/10.3.1/../../../../arm-none-eabi/lib/thumb/v6-m/nofp\libc.a
END GROUP
START GROUP
LOAD c:/progra~2/gnuarm~1/102021~1.10/bin/../lib/gcc/arm-none-eabi/10.3.1/thumb/v6-m/nofp\libgcc.a
LOAD c:/progra~2/gnuarm~1/102021~1.10/bin/../lib/gcc/arm-none-eabi/10.3.1/../../../../arm-none-eabi/lib/thumb/v6-m/nofp\libc.a
LOAD c:/progra~2/gnuarm~1/102021~1.10/bin/../lib/gcc/arm-none-eabi/10.3.1/../../../../arm-none-eabi/lib/thumb/v6-m/nofp\libnosys.a
END GROUP
LOAD c:/progra~2/gnuarm~1/102021~1.10/bin/../lib/gcc/arm-none-eabi/10.3.1/thumb/v6-m/nofp/crtend.o
LOAD c:/progra~2/gnuarm~1/102021~1.10/bin/../lib/gcc/arm-none-eabi/10.3.1/thumb/v6-m/nofp/crtn.o
OUTPUT(Projekt_zaliczenie_W.elf elf32-littlearm)
LOAD linker stubs

.ARM.attributes
                0x00000000       0x28
 .ARM.attributes
                0x00000000       0x1e c:/progra~2/gnuarm~1/102021~1.10/bin/../lib/gcc/arm-none-eabi/10.3.1/thumb/v6-m/nofp/crti.o
 .ARM.attributes
                0x0000001e       0x2c c:/progra~2/gnuarm~1/102021~1.10/bin/../lib/gcc/arm-none-eabi/10.3.1/thumb/v6-m/nofp/crtbegin.o
 .ARM.attributes
                0x0000004a       0x2c CMakeFiles/Projekt_zaliczenie_W.dir/Projekt_zaliczenie_W.c.obj
 .ARM.attributes
                0x00000076       0x2c CMakeFiles/Projekt_zaliczenie_W.dir/C_/pico/pico-sdk/src/rp2_common/hardware_gpio/gpio.c.obj
 .ARM.attributes
                0x000000a2       0x2c CMakeFiles/Projekt_zaliczenie_W.dir/C_/pico/pico-sdk/src/rp2_common/pico_platform_panic/panic.c.obj
 .ARM.attributes
                0x000000ce       0x2c CMakeFiles/Projekt_zaliczenie_W.dir/C_/pico/pico-sdk/src/common/hardware_claim/claim.c.obj
 .ARM.attributes
                0x000000fa       0x2c CMakeFiles/Projekt_zaliczenie_W.dir/C_/pico/pico-sdk/src/rp2_common/hardware_sync/sync.c.obj
 .ARM.attributes
                0x00000126       0x2c CMakeFiles/Projekt_zaliczenie_W.dir/C_/pico/pico-sdk/src/rp2_common/hardware_sync_spin_lock/sync_spin_lock.c.obj
 .ARM.attributes
                0x00000152       0x2c CMakeFiles/Projekt_zaliczenie_W.dir/C_/pico/pico-sdk/src/rp2_common/hardware_irq/irq.c.obj
 .ARM.attributes
                0x0000017e       0x22 CMakeFiles/Projekt_zaliczenie_W.dir/C_/pico/pico-sdk/src/rp2_common/hardware_irq/irq_handler_chain.S.obj
 .ARM.attributes
                0x000001a0       0x2c CMakeFiles/Projekt_zaliczenie_W.dir/C_/pico/pico-sdk/src/common/pico_sync/lock_core.c.obj
 .ARM.attributes
                0x000001cc       0x2c CMakeFiles/Projekt_zaliczenie_W.dir/C_/pico/pico-sdk/src/common/pico_sync/mutex.c.obj
 .ARM.attributes
                0x000001f8       0x2c CMakeFiles/Projekt_zaliczenie_W.dir/C_/pico/pico-sdk/src/common/pico_time/time.c.obj
 .ARM.attributes
                0x00000224       0x2c CMakeFiles/Projekt_zaliczenie_W.dir/C_/pico/pico-sdk/src/rp2_common/hardware_timer/timer.c.obj
 .ARM.attributes
                0x00000250       0x2c CMakeFiles/Projekt_zaliczenie_W.dir/C_/pico/pico-sdk/src/rp2_common/hardware_uart/uart.c.obj
 .ARM.attributes
                0x0000027c       0x2c CMakeFiles/Projekt_zaliczenie_W.dir/C_/pico/pico-sdk/src/rp2_common/hardware_clocks/clocks.c.obj
 .ARM.attributes
                0x000002a8       0x2c CMakeFiles/Projekt_zaliczenie_W.dir/C_/pico/pico-sdk/src/rp2_common/hardware_pll/pll.c.obj
 .ARM.attributes
                0x000002d4       0x2c CMakeFiles/Projekt_zaliczenie_W.dir/C_/pico/pico-sdk/src/rp2_common/hardware_ticks/ticks.c.obj
 .ARM.attributes
                0x00000300       0x2c CMakeFiles/Projekt_zaliczenie_W.dir/C_/pico/pico-sdk/src/rp2_common/pico_bootrom/bootrom.c.obj
 .ARM.attributes
                0x0000032c       0x2c CMakeFiles/Projekt_zaliczenie_W.dir/C_/pico/pico-sdk/src/rp2_common/hardware_xosc/xosc.c.obj
 .ARM.attributes
                0x00000358       0x22 CMakeFiles/Projekt_zaliczenie_W.dir/C_/pico/pico-sdk/src/rp2_common/hardware_divider/divider.S.obj
 .ARM.attributes
                0x0000037a       0x2c CMakeFiles/Projekt_zaliczenie_W.dir/C_/pico/pico-sdk/src/rp2_common/pico_runtime/runtime.c.obj
 .ARM.attributes
                0x000003a6       0x2c CMakeFiles/Projekt_zaliczenie_W.dir/C_/pico/pico-sdk/src/rp2_common/pico_runtime_init/runtime_init.c.obj
 .ARM.attributes
                0x000003d2       0x2c CMakeFiles/Projekt_zaliczenie_W.dir/C_/pico/pico-sdk/src/rp2_common/pico_runtime_init/runtime_init_clocks.c.obj
 .ARM.attributes
                0x000003fe       0x22 CMakeFiles/Projekt_zaliczenie_W.dir/C_/pico/pico-sdk/src/rp2_common/pico_bit_ops/bit_ops_aeabi.S.obj
 .ARM.attributes
                0x00000420       0x22 CMakeFiles/Projekt_zaliczenie_W.dir/C_/pico/pico-sdk/src/rp2_common/pico_divider/divider_hardware.S.obj
 .ARM.attributes
                0x00000442       0x22 CMakeFiles/Projekt_zaliczenie_W.dir/C_/pico/pico-sdk/src/rp2_common/pico_double/double_aeabi_rp2040.S.obj
 .ARM.attributes
                0x00000464       0x2c CMakeFiles/Projekt_zaliczenie_W.dir/C_/pico/pico-sdk/src/rp2_common/pico_double/double_init_rom_rp2040.c.obj
 .ARM.attributes
                0x00000490       0x22 CMakeFiles/Projekt_zaliczenie_W.dir/C_/pico/pico-sdk/src/rp2_common/pico_double/double_v1_rom_shim_rp2040.S.obj
 .ARM.attributes
                0x000004b2       0x22 CMakeFiles/Projekt_zaliczenie_W.dir/C_/pico/pico-sdk/src/rp2_common/pico_int64_ops/pico_int64_ops_aeabi.S.obj
 .ARM.attributes
                0x000004d4       0x22 CMakeFiles/Projekt_zaliczenie_W.dir/C_/pico/pico-sdk/src/rp2_common/pico_float/float_aeabi_rp2040.S.obj
 .ARM.attributes
                0x000004f6       0x2c CMakeFiles/Projekt_zaliczenie_W.dir/C_/pico/pico-sdk/src/rp2_common/pico_float/float_init_rom_rp2040.c.obj
 .ARM.attributes
                0x00000522       0x22 CMakeFiles/Projekt_zaliczenie_W.dir/C_/pico/pico-sdk/src/rp2_common/pico_mem_ops/mem_ops_aeabi.S.obj
 .ARM.attributes
                0x00000544       0x2c CMakeFiles/Projekt_zaliczenie_W.dir/C_/pico/pico-sdk/src/rp2_common/pico_standard_binary_info/standard_binary_info.c.obj
 .ARM.attributes
                0x00000570       0x2c CMakeFiles/Projekt_zaliczenie_W.dir/C_/pico/pico-sdk/src/rp2_common/pico_printf/printf.c.obj
 .ARM.attributes
                0x0000059c       0x22 CMakeFiles/Projekt_zaliczenie_W.dir/C_/pico/pico-sdk/src/rp2_common/pico_crt0/crt0.S.obj
 .ARM.attributes
                0x000005be       0x2c CMakeFiles/Projekt_zaliczenie_W.dir/C_/pico/pico-sdk/src/rp2_common/pico_clib_interface/newlib_interface.c.obj
 .ARM.attributes
                0x000005ea       0x2c CMakeFiles/Projekt_zaliczenie_W.dir/C_/pico/pico-sdk/src/rp2_common/pico_stdio/stdio.c.obj
 .ARM.attributes
                0x00000616       0x2c CMakeFiles/Projekt_zaliczenie_W.dir/C_/pico/pico-sdk/src/rp2_common/pico_stdio_uart/stdio_uart.c.obj
 .ARM.attributes
                0x00000642       0x2c CMakeFiles/Projekt_zaliczenie_W.dir/C_/pico/pico-sdk/src/rp2_common/hardware_spi/spi.c.obj
 .ARM.attributes
                0x0000066e       0x2c CMakeFiles/Projekt_zaliczenie_W.dir/C_/pico/pico-sdk/src/rp2_common/hardware_i2c/i2c.c.obj
 .ARM.attributes
                0x0000069a       0x22 pico-sdk\src\rp2040\boot_stage2\CMakeFiles\bs2_default_library.dir\bs2_default_padded_checksummed.S.obj
 .ARM.attributes
                0x000006bc       0x1e c:/progra~2/gnuarm~1/102021~1.10/bin/../lib/gcc/arm-none-eabi/10.3.1/thumb/v6-m/nofp\libgcc.a(_dvmd_tls.o)
 .ARM.attributes
                0x000006da       0x2c c:/progra~2/gnuarm~1/102021~1.10/bin/../lib/gcc/arm-none-eabi/10.3.1/../../../../arm-none-eabi/lib/thumb/v6-m/nofp\libg.a(lib_a-strlen-stub.o)

.comment        0x00000000       0x49
 .comment       0x00000000       0x49 CMakeFiles/Projekt_zaliczenie_W.dir/Projekt_zaliczenie_W.c.obj
                                 0x4a (size before relaxing)
 .comment       0x00000049       0x4a CMakeFiles/Projekt_zaliczenie_W.dir/C_/pico/pico-sdk/src/rp2_common/hardware_gpio/gpio.c.obj
 .comment       0x00000049       0x4a CMakeFiles/Projekt_zaliczenie_W.dir/C_/pico/pico-sdk/src/rp2_common/pico_platform_panic/panic.c.obj
 .comment       0x00000049       0x4a CMakeFiles/Projekt_zaliczenie_W.dir/C_/pico/pico-sdk/src/common/hardware_claim/claim.c.obj
 .comment       0x00000049       0x4a CMakeFiles/Projekt_zaliczenie_W.dir/C_/pico/pico-sdk/src/rp2_common/hardware_sync/sync.c.obj
 .comment       0x00000049       0x4a CMakeFiles/Projekt_zaliczenie_W.dir/C_/pico/pico-sdk/src/rp2_common/hardware_sync_spin_lock/sync_spin_lock.c.obj
 .comment       0x00000049       0x4a CMakeFiles/Projekt_zaliczenie_W.dir/C_/pico/pico-sdk/src/rp2_common/hardware_irq/irq.c.obj
 .comment       0x00000049       0x4a CMakeFiles/Projekt_zaliczenie_W.dir/C_/pico/pico-sdk/src/common/pico_sync/lock_core.c.obj
 .comment       0x00000049       0x4a CMakeFiles/Projekt_zaliczenie_W.dir/C_/pico/pico-sdk/src/common/pico_sync/mutex.c.obj
 .comment       0x00000049       0x4a CMakeFiles/Projekt_zaliczenie_W.dir/C_/pico/pico-sdk/src/common/pico_time/time.c.obj
 .comment       0x00000049       0x4a CMakeFiles/Projekt_zaliczenie_W.dir/C_/pico/pico-sdk/src/rp2_common/hardware_timer/timer.c.obj
 .comment       0x00000049       0x4a CMakeFiles/Projekt_zaliczenie_W.dir/C_/pico/pico-sdk/src/rp2_common/hardware_uart/uart.c.obj
 .comment       0x00000049       0x4a CMakeFiles/Projekt_zaliczenie_W.dir/C_/pico/pico-sdk/src/rp2_common/hardware_clocks/clocks.c.obj
 .comment       0x00000049       0x4a CMakeFiles/Projekt_zaliczenie_W.dir/C_/pico/pico-sdk/src/rp2_common/hardware_pll/pll.c.obj
 .comment       0x00000049       0x4a CMakeFiles/Projekt_zaliczenie_W.dir/C_/pico/pico-sdk/src/rp2_common/hardware_ticks/ticks.c.obj
 .comment       0x00000049       0x4a CMakeFiles/Projekt_zaliczenie_W.dir/C_/pico/pico-sdk/src/rp2_common/pico_bootrom/bootrom.c.obj
 .comment       0x00000049       0x4a CMakeFiles/Projekt_zaliczenie_W.dir/C_/pico/pico-sdk/src/rp2_common/hardware_xosc/xosc.c.obj
 .comment       0x00000049       0x4a CMakeFiles/Projekt_zaliczenie_W.dir/C_/pico/pico-sdk/src/rp2_common/pico_runtime/runtime.c.obj
 .comment       0x00000049       0x4a CMakeFiles/Projekt_zaliczenie_W.dir/C_/pico/pico-sdk/src/rp2_common/pico_runtime_init/runtime_init.c.obj
 .comment       0x00000049       0x4a CMakeFiles/Projekt_zaliczenie_W.dir/C_/pico/pico-sdk/src/rp2_common/pico_runtime_init/runtime_init_clocks.c.obj
 .comment       0x00000049       0x4a CMakeFiles/Projekt_zaliczenie_W.dir/C_/pico/pico-sdk/src/rp2_common/pico_double/double_init_rom_rp2040.c.obj
 .comment       0x00000049       0x4a CMakeFiles/Projekt_zaliczenie_W.dir/C_/pico/pico-sdk/src/rp2_common/pico_float/float_init_rom_rp2040.c.obj
 .comment       0x00000049       0x4a CMakeFiles/Projekt_zaliczenie_W.dir/C_/pico/pico-sdk/src/rp2_common/pico_standard_binary_info/standard_binary_info.c.obj
 .comment       0x00000049       0x4a CMakeFiles/Projekt_zaliczenie_W.dir/C_/pico/pico-sdk/src/rp2_common/pico_printf/printf.c.obj
 .comment       0x00000049       0x4a CMakeFiles/Projekt_zaliczenie_W.dir/C_/pico/pico-sdk/src/rp2_common/pico_clib_interface/newlib_interface.c.obj
 .comment       0x00000049       0x4a CMakeFiles/Projekt_zaliczenie_W.dir/C_/pico/pico-sdk/src/rp2_common/pico_stdio/stdio.c.obj
 .comment       0x00000049       0x4a CMakeFiles/Projekt_zaliczenie_W.dir/C_/pico/pico-sdk/src/rp2_common/pico_stdio_uart/stdio_uart.c.obj
 .comment       0x00000049       0x4a CMakeFiles/Projekt_zaliczenie_W.dir/C_/pico/pico-sdk/src/rp2_common/hardware_spi/spi.c.obj
 .comment       0x00000049       0x4a CMakeFiles/Projekt_zaliczenie_W.dir/C_/pico/pico-sdk/src/rp2_common/hardware_i2c/i2c.c.obj

.debug_info     0x00000000    0x1a076
 .debug_info    0x00000000     0x12e8 CMakeFiles/Projekt_zaliczenie_W.dir/Projekt_zaliczenie_W.c.obj
 .debug_info    0x000012e8     0x1d56 CMakeFiles/Projekt_zaliczenie_W.dir/C_/pico/pico-sdk/src/rp2_common/hardware_gpio/gpio.c.obj
 .debug_info    0x0000303e      0x19c CMakeFiles/Projekt_zaliczenie_W.dir/C_/pico/pico-sdk/src/rp2_common/pico_platform_panic/panic.c.obj
 .debug_info    0x000031da      0x6d2 CMakeFiles/Projekt_zaliczenie_W.dir/C_/pico/pico-sdk/src/common/hardware_claim/claim.c.obj
 .debug_info    0x000038ac      0x409 CMakeFiles/Projekt_zaliczenie_W.dir/C_/pico/pico-sdk/src/rp2_common/hardware_sync/sync.c.obj
 .debug_info    0x00003cb5      0x2de CMakeFiles/Projekt_zaliczenie_W.dir/C_/pico/pico-sdk/src/rp2_common/hardware_sync_spin_lock/sync_spin_lock.c.obj
 .debug_info    0x00003f93     0x200a CMakeFiles/Projekt_zaliczenie_W.dir/C_/pico/pico-sdk/src/rp2_common/hardware_irq/irq.c.obj
 .debug_info    0x00005f9d      0x1b0 CMakeFiles/Projekt_zaliczenie_W.dir/C_/pico/pico-sdk/src/common/pico_sync/lock_core.c.obj
 .debug_info    0x0000614d     0x1f7f CMakeFiles/Projekt_zaliczenie_W.dir/C_/pico/pico-sdk/src/common/pico_sync/mutex.c.obj
 .debug_info    0x000080cc     0x35ca CMakeFiles/Projekt_zaliczenie_W.dir/C_/pico/pico-sdk/src/common/pico_time/time.c.obj
 .debug_info    0x0000b696     0x199a CMakeFiles/Projekt_zaliczenie_W.dir/C_/pico/pico-sdk/src/rp2_common/hardware_timer/timer.c.obj
 .debug_info    0x0000d030     0x131b CMakeFiles/Projekt_zaliczenie_W.dir/C_/pico/pico-sdk/src/rp2_common/hardware_uart/uart.c.obj
 .debug_info    0x0000e34b     0x1512 CMakeFiles/Projekt_zaliczenie_W.dir/C_/pico/pico-sdk/src/rp2_common/hardware_clocks/clocks.c.obj
 .debug_info    0x0000f85d      0x663 CMakeFiles/Projekt_zaliczenie_W.dir/C_/pico/pico-sdk/src/rp2_common/hardware_pll/pll.c.obj
 .debug_info    0x0000fec0      0x2c4 CMakeFiles/Projekt_zaliczenie_W.dir/C_/pico/pico-sdk/src/rp2_common/hardware_ticks/ticks.c.obj
 .debug_info    0x00010184      0x3ad CMakeFiles/Projekt_zaliczenie_W.dir/C_/pico/pico-sdk/src/rp2_common/pico_bootrom/bootrom.c.obj
 .debug_info    0x00010531      0x1e1 CMakeFiles/Projekt_zaliczenie_W.dir/C_/pico/pico-sdk/src/rp2_common/hardware_xosc/xosc.c.obj
 .debug_info    0x00010712       0x22 CMakeFiles/Projekt_zaliczenie_W.dir/C_/pico/pico-sdk/src/rp2_common/hardware_divider/divider.S.obj
 .debug_info    0x00010734      0x1b2 CMakeFiles/Projekt_zaliczenie_W.dir/C_/pico/pico-sdk/src/rp2_common/pico_runtime/runtime.c.obj
 .debug_info    0x000108e6      0x7e4 CMakeFiles/Projekt_zaliczenie_W.dir/C_/pico/pico-sdk/src/rp2_common/pico_runtime_init/runtime_init.c.obj
 .debug_info    0x000110ca      0x6fd CMakeFiles/Projekt_zaliczenie_W.dir/C_/pico/pico-sdk/src/rp2_common/pico_runtime_init/runtime_init_clocks.c.obj
 .debug_info    0x000117c7       0x22 CMakeFiles/Projekt_zaliczenie_W.dir/C_/pico/pico-sdk/src/rp2_common/pico_bit_ops/bit_ops_aeabi.S.obj
 .debug_info    0x000117e9       0x22 CMakeFiles/Projekt_zaliczenie_W.dir/C_/pico/pico-sdk/src/rp2_common/pico_divider/divider_hardware.S.obj
 .debug_info    0x0001180b       0x22 CMakeFiles/Projekt_zaliczenie_W.dir/C_/pico/pico-sdk/src/rp2_common/pico_double/double_aeabi_rp2040.S.obj
 .debug_info    0x0001182d      0x314 CMakeFiles/Projekt_zaliczenie_W.dir/C_/pico/pico-sdk/src/rp2_common/pico_double/double_init_rom_rp2040.c.obj
 .debug_info    0x00011b41       0x26 CMakeFiles/Projekt_zaliczenie_W.dir/C_/pico/pico-sdk/src/rp2_common/pico_double/double_v1_rom_shim_rp2040.S.obj
 .debug_info    0x00011b67       0x26 CMakeFiles/Projekt_zaliczenie_W.dir/C_/pico/pico-sdk/src/rp2_common/pico_int64_ops/pico_int64_ops_aeabi.S.obj
 .debug_info    0x00011b8d       0x22 CMakeFiles/Projekt_zaliczenie_W.dir/C_/pico/pico-sdk/src/rp2_common/pico_float/float_aeabi_rp2040.S.obj
 .debug_info    0x00011baf      0x2dd CMakeFiles/Projekt_zaliczenie_W.dir/C_/pico/pico-sdk/src/rp2_common/pico_float/float_init_rom_rp2040.c.obj
 .debug_info    0x00011e8c       0x22 CMakeFiles/Projekt_zaliczenie_W.dir/C_/pico/pico-sdk/src/rp2_common/pico_mem_ops/mem_ops_aeabi.S.obj
 .debug_info    0x00011eae      0x32c CMakeFiles/Projekt_zaliczenie_W.dir/C_/pico/pico-sdk/src/rp2_common/pico_standard_binary_info/standard_binary_info.c.obj
 .debug_info    0x000121da     0x1a5e CMakeFiles/Projekt_zaliczenie_W.dir/C_/pico/pico-sdk/src/rp2_common/pico_printf/printf.c.obj
 .debug_info    0x00013c38       0x22 CMakeFiles/Projekt_zaliczenie_W.dir/C_/pico/pico-sdk/src/rp2_common/pico_crt0/crt0.S.obj
 .debug_info    0x00013c5a      0xbb4 CMakeFiles/Projekt_zaliczenie_W.dir/C_/pico/pico-sdk/src/rp2_common/pico_clib_interface/newlib_interface.c.obj
 .debug_info    0x0001480e     0x1520 CMakeFiles/Projekt_zaliczenie_W.dir/C_/pico/pico-sdk/src/rp2_common/pico_stdio/stdio.c.obj
 .debug_info    0x00015d2e     0x142e CMakeFiles/Projekt_zaliczenie_W.dir/C_/pico/pico-sdk/src/rp2_common/pico_stdio_uart/stdio_uart.c.obj
 .debug_info    0x0001715c     0x1392 CMakeFiles/Projekt_zaliczenie_W.dir/C_/pico/pico-sdk/src/rp2_common/hardware_spi/spi.c.obj
 .debug_info    0x000184ee     0x1b88 CMakeFiles/Projekt_zaliczenie_W.dir/C_/pico/pico-sdk/src/rp2_common/hardware_i2c/i2c.c.obj

.debug_abbrev   0x00000000     0x5158
 .debug_abbrev  0x00000000      0x36e CMakeFiles/Projekt_zaliczenie_W.dir/Projekt_zaliczenie_W.c.obj
 .debug_abbrev  0x0000036e      0x402 CMakeFiles/Projekt_zaliczenie_W.dir/C_/pico/pico-sdk/src/rp2_common/hardware_gpio/gpio.c.obj
 .debug_abbrev  0x00000770       0xf4 CMakeFiles/Projekt_zaliczenie_W.dir/C_/pico/pico-sdk/src/rp2_common/pico_platform_panic/panic.c.obj
 .debug_abbrev  0x00000864      0x2d6 CMakeFiles/Projekt_zaliczenie_W.dir/C_/pico/pico-sdk/src/common/hardware_claim/claim.c.obj
 .debug_abbrev  0x00000b3a      0x1df CMakeFiles/Projekt_zaliczenie_W.dir/C_/pico/pico-sdk/src/rp2_common/hardware_sync/sync.c.obj
 .debug_abbrev  0x00000d19      0x1f0 CMakeFiles/Projekt_zaliczenie_W.dir/C_/pico/pico-sdk/src/rp2_common/hardware_sync_spin_lock/sync_spin_lock.c.obj
 .debug_abbrev  0x00000f09      0x58e CMakeFiles/Projekt_zaliczenie_W.dir/C_/pico/pico-sdk/src/rp2_common/hardware_irq/irq.c.obj
 .debug_abbrev  0x00001497      0x116 CMakeFiles/Projekt_zaliczenie_W.dir/C_/pico/pico-sdk/src/common/pico_sync/lock_core.c.obj
 .debug_abbrev  0x000015ad      0x3b6 CMakeFiles/Projekt_zaliczenie_W.dir/C_/pico/pico-sdk/src/common/pico_sync/mutex.c.obj
 .debug_abbrev  0x00001963      0x5b8 CMakeFiles/Projekt_zaliczenie_W.dir/C_/pico/pico-sdk/src/common/pico_time/time.c.obj
 .debug_abbrev  0x00001f1b      0x473 CMakeFiles/Projekt_zaliczenie_W.dir/C_/pico/pico-sdk/src/rp2_common/hardware_timer/timer.c.obj
 .debug_abbrev  0x0000238e      0x306 CMakeFiles/Projekt_zaliczenie_W.dir/C_/pico/pico-sdk/src/rp2_common/hardware_uart/uart.c.obj
 .debug_abbrev  0x00002694      0x3e8 CMakeFiles/Projekt_zaliczenie_W.dir/C_/pico/pico-sdk/src/rp2_common/hardware_clocks/clocks.c.obj
 .debug_abbrev  0x00002a7c      0x21a CMakeFiles/Projekt_zaliczenie_W.dir/C_/pico/pico-sdk/src/rp2_common/hardware_pll/pll.c.obj
 .debug_abbrev  0x00002c96      0x14e CMakeFiles/Projekt_zaliczenie_W.dir/C_/pico/pico-sdk/src/rp2_common/hardware_ticks/ticks.c.obj
 .debug_abbrev  0x00002de4      0x196 CMakeFiles/Projekt_zaliczenie_W.dir/C_/pico/pico-sdk/src/rp2_common/pico_bootrom/bootrom.c.obj
 .debug_abbrev  0x00002f7a      0x11a CMakeFiles/Projekt_zaliczenie_W.dir/C_/pico/pico-sdk/src/rp2_common/hardware_xosc/xosc.c.obj
 .debug_abbrev  0x00003094       0x12 CMakeFiles/Projekt_zaliczenie_W.dir/C_/pico/pico-sdk/src/rp2_common/hardware_divider/divider.S.obj
 .debug_abbrev  0x000030a6      0x11c CMakeFiles/Projekt_zaliczenie_W.dir/C_/pico/pico-sdk/src/rp2_common/pico_runtime/runtime.c.obj
 .debug_abbrev  0x000031c2      0x20c CMakeFiles/Projekt_zaliczenie_W.dir/C_/pico/pico-sdk/src/rp2_common/pico_runtime_init/runtime_init.c.obj
 .debug_abbrev  0x000033ce      0x266 CMakeFiles/Projekt_zaliczenie_W.dir/C_/pico/pico-sdk/src/rp2_common/pico_runtime_init/runtime_init_clocks.c.obj
 .debug_abbrev  0x00003634       0x12 CMakeFiles/Projekt_zaliczenie_W.dir/C_/pico/pico-sdk/src/rp2_common/pico_bit_ops/bit_ops_aeabi.S.obj
 .debug_abbrev  0x00003646       0x12 CMakeFiles/Projekt_zaliczenie_W.dir/C_/pico/pico-sdk/src/rp2_common/pico_divider/divider_hardware.S.obj
 .debug_abbrev  0x00003658       0x12 CMakeFiles/Projekt_zaliczenie_W.dir/C_/pico/pico-sdk/src/rp2_common/pico_double/double_aeabi_rp2040.S.obj
 .debug_abbrev  0x0000366a      0x183 CMakeFiles/Projekt_zaliczenie_W.dir/C_/pico/pico-sdk/src/rp2_common/pico_double/double_init_rom_rp2040.c.obj
 .debug_abbrev  0x000037ed       0x14 CMakeFiles/Projekt_zaliczenie_W.dir/C_/pico/pico-sdk/src/rp2_common/pico_double/double_v1_rom_shim_rp2040.S.obj
 .debug_abbrev  0x00003801       0x14 CMakeFiles/Projekt_zaliczenie_W.dir/C_/pico/pico-sdk/src/rp2_common/pico_int64_ops/pico_int64_ops_aeabi.S.obj
 .debug_abbrev  0x00003815       0x12 CMakeFiles/Projekt_zaliczenie_W.dir/C_/pico/pico-sdk/src/rp2_common/pico_float/float_aeabi_rp2040.S.obj
 .debug_abbrev  0x00003827      0x17a CMakeFiles/Projekt_zaliczenie_W.dir/C_/pico/pico-sdk/src/rp2_common/pico_float/float_init_rom_rp2040.c.obj
 .debug_abbrev  0x000039a1       0x12 CMakeFiles/Projekt_zaliczenie_W.dir/C_/pico/pico-sdk/src/rp2_common/pico_mem_ops/mem_ops_aeabi.S.obj
 .debug_abbrev  0x000039b3       0xad CMakeFiles/Projekt_zaliczenie_W.dir/C_/pico/pico-sdk/src/rp2_common/pico_standard_binary_info/standard_binary_info.c.obj
 .debug_abbrev  0x00003a60      0x3a2 CMakeFiles/Projekt_zaliczenie_W.dir/C_/pico/pico-sdk/src/rp2_common/pico_printf/printf.c.obj
 .debug_abbrev  0x00003e02       0x12 CMakeFiles/Projekt_zaliczenie_W.dir/C_/pico/pico-sdk/src/rp2_common/pico_crt0/crt0.S.obj
 .debug_abbrev  0x00003e14      0x33c CMakeFiles/Projekt_zaliczenie_W.dir/C_/pico/pico-sdk/src/rp2_common/pico_clib_interface/newlib_interface.c.obj
 .debug_abbrev  0x00004150      0x486 CMakeFiles/Projekt_zaliczenie_W.dir/C_/pico/pico-sdk/src/rp2_common/pico_stdio/stdio.c.obj
 .debug_abbrev  0x000045d6      0x3eb CMakeFiles/Projekt_zaliczenie_W.dir/C_/pico/pico-sdk/src/rp2_common/pico_stdio_uart/stdio_uart.c.obj
 .debug_abbrev  0x000049c1      0x322 CMakeFiles/Projekt_zaliczenie_W.dir/C_/pico/pico-sdk/src/rp2_common/hardware_spi/spi.c.obj
 .debug_abbrev  0x00004ce3      0x475 CMakeFiles/Projekt_zaliczenie_W.dir/C_/pico/pico-sdk/src/rp2_common/hardware_i2c/i2c.c.obj

.debug_loc      0x00000000    0x1025e
 .debug_loc     0x00000000      0x42b CMakeFiles/Projekt_zaliczenie_W.dir/Projekt_zaliczenie_W.c.obj
 .debug_loc     0x0000042b     0x15b8 CMakeFiles/Projekt_zaliczenie_W.dir/C_/pico/pico-sdk/src/rp2_common/hardware_gpio/gpio.c.obj
 .debug_loc     0x000019e3      0x45f CMakeFiles/Projekt_zaliczenie_W.dir/C_/pico/pico-sdk/src/common/hardware_claim/claim.c.obj
 .debug_loc     0x00001e42      0x13f CMakeFiles/Projekt_zaliczenie_W.dir/C_/pico/pico-sdk/src/rp2_common/hardware_sync/sync.c.obj
 .debug_loc     0x00001f81       0xf4 CMakeFiles/Projekt_zaliczenie_W.dir/C_/pico/pico-sdk/src/rp2_common/hardware_sync_spin_lock/sync_spin_lock.c.obj
 .debug_loc     0x00002075     0x1441 CMakeFiles/Projekt_zaliczenie_W.dir/C_/pico/pico-sdk/src/rp2_common/hardware_irq/irq.c.obj
 .debug_loc     0x000034b6       0x60 CMakeFiles/Projekt_zaliczenie_W.dir/C_/pico/pico-sdk/src/common/pico_sync/lock_core.c.obj
 .debug_loc     0x00003516     0x1418 CMakeFiles/Projekt_zaliczenie_W.dir/C_/pico/pico-sdk/src/common/pico_sync/mutex.c.obj
 .debug_loc     0x0000492e     0x27dc CMakeFiles/Projekt_zaliczenie_W.dir/C_/pico/pico-sdk/src/common/pico_time/time.c.obj
 .debug_loc     0x0000710a      0xf6b CMakeFiles/Projekt_zaliczenie_W.dir/C_/pico/pico-sdk/src/rp2_common/hardware_timer/timer.c.obj
 .debug_loc     0x00008075      0xa8e CMakeFiles/Projekt_zaliczenie_W.dir/C_/pico/pico-sdk/src/rp2_common/hardware_uart/uart.c.obj
 .debug_loc     0x00008b03      0xe30 CMakeFiles/Projekt_zaliczenie_W.dir/C_/pico/pico-sdk/src/rp2_common/hardware_clocks/clocks.c.obj
 .debug_loc     0x00009933      0x351 CMakeFiles/Projekt_zaliczenie_W.dir/C_/pico/pico-sdk/src/rp2_common/hardware_pll/pll.c.obj
 .debug_loc     0x00009c84       0x57 CMakeFiles/Projekt_zaliczenie_W.dir/C_/pico/pico-sdk/src/rp2_common/hardware_ticks/ticks.c.obj
 .debug_loc     0x00009cdb      0x2ac CMakeFiles/Projekt_zaliczenie_W.dir/C_/pico/pico-sdk/src/rp2_common/pico_bootrom/bootrom.c.obj
 .debug_loc     0x00009f87       0x71 CMakeFiles/Projekt_zaliczenie_W.dir/C_/pico/pico-sdk/src/rp2_common/hardware_xosc/xosc.c.obj